Component: ARM Compiler 5.06 update 2 (build 183) Tool: armlink [4d35b7]

==============================================================================

Section Cross References

    dht.o(i._ZN3DHT12CalcdewPointEff) refers to f2d.o(x$fpl$f2d) for __aeabi_f2d
    dht.o(i._ZN3DHT12CalcdewPointEff) refers to daddsub_clz.o(x$fpl$dadd) for __aeabi_dadd
    dht.o(i._ZN3DHT12CalcdewPointEff) refers to ddiv.o(x$fpl$ddiv) for __aeabi_ddiv
    dht.o(i._ZN3DHT12CalcdewPointEff) refers to d2f.o(x$fpl$d2f) for __aeabi_d2f
    dht.o(i._ZN3DHT12CalcdewPointEff) refers to dmul.o(x$fpl$dmul) for __aeabi_dmul
    dht.o(i._ZN3DHT12CalcdewPointEff) refers to log10f.o(i.__hardfp_log10f) for __hardfp_log10f
    dht.o(i._ZN3DHT12CalcdewPointEff) refers to pow.o(i.__hardfp_pow) for __hardfp_pow
    dht.o(i._ZN3DHT12CalcdewPointEff) refers to daddsub_clz.o(x$fpl$dsub) for __aeabi_dsub
    dht.o(i._ZN3DHT12CalcdewPointEff) refers to log10.o(i.__hardfp_log10) for __hardfp_log10
    dht.o(i._ZN3DHT12CalcdewPointEff) refers to powf.o(i.__hardfp_powf) for __hardfp_powf
    dht.o(i._ZN3DHT12CalcdewPointEff) refers to log.o(i.__hardfp_log) for __hardfp_log
    dht.o(i._ZN3DHT12CalcdewPointEff) refers to daddsub_clz.o(x$fpl$drsb) for __aeabi_drsub
    dht.o(i._ZN3DHT15ReadTemperatureE6eScale) refers to f2d.o(x$fpl$f2d) for __aeabi_f2d
    dht.o(i._ZN3DHT15ReadTemperatureE6eScale) refers to daddsub_clz.o(x$fpl$dadd) for __aeabi_dadd
    dht.o(i._ZN3DHT15ReadTemperatureE6eScale) refers to d2f.o(x$fpl$d2f) for __aeabi_d2f
    dht.o(i._ZN3DHT16CalcdewPointFastEff) refers to logf.o(i.__hardfp_logf) for __hardfp_logf
    dht.o(i._ZN3DHT22ConvertCelciustoKelvinEf) refers to f2d.o(x$fpl$f2d) for __aeabi_f2d
    dht.o(i._ZN3DHT22ConvertCelciustoKelvinEf) refers to daddsub_clz.o(x$fpl$dadd) for __aeabi_dadd
    dht.o(i._ZN3DHT22ConvertCelciustoKelvinEf) refers to d2f.o(x$fpl$d2f) for __aeabi_d2f
    dht.o(i._ZN3DHT8readDataEv) refers to rtc_time.o(i.time) for time
    dht.o(i._ZN3DHT8readDataEv) refers to gpio.o(i.gpio_init_in) for gpio_init_in
    dht.o(i._ZN3DHT8readDataEv) refers to rt_memclr_w.o(.text) for __aeabi_memclr4
    dht.o(i._ZN3DHT8readDataEv) refers to wait_api.o(i.wait_us) for wait_us
    dht.o(i._ZN3DHT8readDataEv) refers to assert.o(i.mbed_assert_internal) for mbed_assert_internal
    dht.o(i._ZN3DHT8readDataEv) refers to gpio_api.o(i.gpio_dir) for gpio_dir
    dht.o(i._ZN3DHT8readDataEv) refers to wait_api.o(i.wait_ms) for wait_ms
    dht.o(i._ZN3DHT8readDataEv) refers to dht.o(.conststring) for .conststring
    dht.o(.ARM.exidx) refers to dht.o(i._ZN3DHTC1E7PinNamei) for i._ZN3DHTC1E7PinNamei
    dht.o(.ARM.exidx) refers to dht.o(i._ZN3DHTD1Ev) for i._ZN3DHTD1Ev
    dht.o(.ARM.exidx) refers to dht.o(i._ZN3DHT12CalcHumidityEv) for i._ZN3DHT12CalcHumidityEv
    dht.o(.ARM.exidx) refers to dht.o(i._ZN3DHT15CalcTemperatureEv) for i._ZN3DHT15CalcTemperatureEv
    dht.o(.ARM.exidx) refers to dht.o(i._ZN3DHT8readDataEv) for i._ZN3DHT8readDataEv
    dht.o(.ARM.exidx) refers to dht.o(i._ZN3DHT12ReadHumidityEv) for i._ZN3DHT12ReadHumidityEv
    dht.o(.ARM.exidx) refers to dht.o(i._ZN3DHT15ReadTemperatureE6eScale) for i._ZN3DHT15ReadTemperatureE6eScale
    dht.o(.ARM.exidx) refers to dht.o(i._ZN3DHT12CalcdewPointEff) for i._ZN3DHT12CalcdewPointEff
    dht.o(.ARM.exidx) refers to dht.o(i._ZN3DHT16CalcdewPointFastEff) for i._ZN3DHT16CalcdewPointFastEff
    dht.o(.ARM.exidx) refers to dht.o(i._ZN3DHT25ConvertCelciustoFarenheitEf) for i._ZN3DHT25ConvertCelciustoFarenheitEf
    dht.o(.ARM.exidx) refers to dht.o(i._ZN3DHT22ConvertCelciustoKelvinEf) for i._ZN3DHT22ConvertCelciustoKelvinEf
    ds1820.o(i._ZN6DS182010search_ROMEv) refers to ds1820.o(i._ZN6DS182018search_ROM_routineEc) for DS1820::search_ROM_routine(char)
    ds1820.o(i._ZN6DS182011temperatureEc) refers to ds1820.o(i._ZN6DS18208read_RAMEv) for DS1820::read_RAM()
    ds1820.o(i._ZN6DS182011temperatureEc) refers to f2d.o(x$fpl$f2d) for __aeabi_f2d
    ds1820.o(i._ZN6DS182011temperatureEc) refers to daddsub_clz.o(x$fpl$dsub) for __aeabi_dsub
    ds1820.o(i._ZN6DS182011temperatureEc) refers to daddsub_clz.o(x$fpl$dadd) for __aeabi_dadd
    ds1820.o(i._ZN6DS182011temperatureEc) refers to d2f.o(x$fpl$d2f) for __aeabi_d2f
    ds1820.o(i._ZN6DS182011temperatureEc) refers to dmul.o(x$fpl$dmul) for __aeabi_dmul
    ds1820.o(i._ZN6DS182011temperatureEc) refers to ddiv.o(x$fpl$ddiv) for __aeabi_ddiv
    ds1820.o(i._ZN6DS182012search_alarmEv) refers to ds1820.o(i._ZN6DS182018search_ROM_routineEc) for DS1820::search_ROM_routine(char)
    ds1820.o(i._ZN6DS182013onewire_resetEv) refers to gpio_api.o(i.gpio_dir) for gpio_dir
    ds1820.o(i._ZN6DS182013onewire_resetEv) refers to gpio_api.o(i.gpio_mode) for gpio_mode
    ds1820.o(i._ZN6DS182013onewire_resetEv) refers to assert.o(i.mbed_assert_internal) for mbed_assert_internal
    ds1820.o(i._ZN6DS182013onewire_resetEv) refers to wait_api.o(i.wait_us) for wait_us
[...]
    time                                     0x0800b2f9   Thumb Code    54  rtc_time.o(i.time)
    timer_irq_handler                        0x0800b335   Thumb Code    76  hal_tick.o(i.timer_irq_handler)
    us_ticker_clear_interrupt                0x0800b49d   Thumb Code    12  us_ticker.o(i.us_ticker_clear_interrupt)
    us_ticker_disable_interrupt              0x0800b4ad   Thumb Code    14  us_ticker.o(i.us_ticker_disable_interrupt)
    us_ticker_init                           0x0800b4c1   Thumb Code    26  us_ticker.o(i.us_ticker_init)
    us_ticker_irq_handler                    0x0800b4e9   Thumb Code     6  us_ticker_api.o(i.us_ticker_irq_handler)
    us_ticker_read                           0x0800b4f5   Thumb Code    30  us_ticker.o(i.us_ticker_read)
    us_ticker_set_interrupt                  0x0800b525   Thumb Code    16  us_ticker.o(i.us_ticker_set_interrupt)
    wait_ms                                  0x0800b539   Thumb Code    28  wait_api.o(i.wait_ms)
    wait_us                                  0x0800b555   Thumb Code    24  wait_api.o(i.wait_us)
    _get_lc_numeric                          0x0800b56d   Thumb Code    44  lc_numeric_c.o(locale$$code)
    _get_lc_ctype                            0x0800b599   Thumb Code    44  lc_ctype_c.o(locale$$code)
    void mbed::FunctionPointerArg1<void, void>::membercaller<SoftSerial>(void*, unsigned*) 0x0800b5c5   Thumb Code    20  softserial.o(t._ZN4mbed19FunctionPointerArg1IvvE12membercallerI10SoftSerialEEvPvPj)
    void mbed::FunctionPointerArg1<void, void>::membercaller<AjK::MODSERIAL>(void*, unsigned*) 0x0800b5d9   Thumb Code    20  init.o(t._ZN4mbed19FunctionPointerArg1IvvE12membercallerIN3AjK9MODSERIALEEEvPvPj)
    __aeabi_dneg                             0x0800b5ed   Thumb Code     0  basic.o(x$fpl$basic)
    _dneg                                    0x0800b5ed   Thumb Code     6  basic.o(x$fpl$basic)
    __aeabi_fneg                             0x0800b5f3   Thumb Code     0  basic.o(x$fpl$basic)
    _fneg                                    0x0800b5f3   Thumb Code     6  basic.o(x$fpl$basic)
    _dabs                                    0x0800b5f9   Thumb Code     6  basic.o(x$fpl$basic)
    _fabs                                    0x0800b5ff   Thumb Code     6  basic.o(x$fpl$basic)
    __aeabi_d2f                              0x0800b605   Thumb Code     0  d2f.o(x$fpl$d2f)
    _d2f                                     0x0800b605   Thumb Code    98  d2f.o(x$fpl$d2f)
    __aeabi_dadd                             0x0800b669   Thumb Code     0  daddsub_clz.o(x$fpl$dadd)
    _dadd                                    0x0800b669   Thumb Code   332  daddsub_clz.o(x$fpl$dadd)
    __fpl_dcheck_NaN1                        0x0800b7b9   Thumb Code    10  dcheck1.o(x$fpl$dcheck1)
    __fpl_dcmp_Inf                           0x0800b7c9   Thumb Code    24  dcmpi.o(x$fpl$dcmpinf)
    __aeabi_ddiv                             0x0800b7e1   Thumb Code     0  ddiv.o(x$fpl$ddiv)
    _ddiv                                    0x0800b7e1   Thumb Code   552  ddiv.o(x$fpl$ddiv)
    __aeabi_cdcmpeq                          0x0800ba91   Thumb Code     0  deqf.o(x$fpl$deqf)
    _dcmpeq                                  0x0800ba91   Thumb Code   120  deqf.o(x$fpl$deqf)
    __aeabi_i2d                              0x0800bb09   Thumb Code     0  dflt_clz.o(x$fpl$dflt)
    _dflt                                    0x0800bb09   Thumb Code    46  dflt_clz.o(x$fpl$dflt)
    __aeabi_cdcmple                          0x0800bb39   Thumb Code     0  dleqf.o(x$fpl$dleqf)
    _dcmple                                  0x0800bb39   Thumb Code   120  dleqf.o(x$fpl$dleqf)
    __fpl_dcmple_InfNaN                      0x0800bb9b   Thumb Code     0  dleqf.o(x$fpl$dleqf)
    __aeabi_dmul                             0x0800bbb1   Thumb Code     0  dmul.o(x$fpl$dmul)
    _dmul                                    0x0800bbb1   Thumb Code   332  dmul.o(x$fpl$dmul)
    __fpl_dnaninf                            0x0800bd05   Thumb Code   156  dnaninf.o(x$fpl$dnaninf)
    __fpl_dretinf                            0x0800bda1   Thumb Code    12  dretinf.o(x$fpl$dretinf)
    __aeabi_cdrcmple                         0x0800bdad   Thumb Code     0  drleqf.o(x$fpl$drleqf)
    _drcmple                                 0x0800bdad   Thumb Code   108  drleqf.o(x$fpl$drleqf)
    __aeabi_drsub                            0x0800be19   Thumb Code     0  daddsub_clz.o(x$fpl$drsb)
    _drsb                                    0x0800be19   Thumb Code    22  daddsub_clz.o(x$fpl$drsb)
    _dsqrt                                   0x0800be31   Thumb Code   404  dsqrt_umaal.o(x$fpl$dsqrt)
    __aeabi_dsub                             0x0800bfc9   Thumb Code     0  daddsub_clz.o(x$fpl$dsub)
    _dsub                                    0x0800bfc9   Thumb Code   464  daddsub_clz.o(x$fpl$dsub)
    __aeabi_f2d                              0x0800c19d   Thumb Code     0  f2d.o(x$fpl$f2d)
    _f2d                                     0x0800c19d   Thumb Code    86  f2d.o(x$fpl$f2d)
    __fpl_fnaninf                            0x0800c1f3   Thumb Code   140  fnaninf.o(x$fpl$fnaninf)
    _fp_init                                 0x0800c27f   Thumb Code    10  fpinit.o(x$fpl$fpinit)
    __fplib_config_fpu_vfp                   0x0800c287   Thumb Code     0  fpinit.o(x$fpl$fpinit)
    __fplib_config_pureend_doubles           0x0800c287   Thumb Code     0  fpinit.o(x$fpl$fpinit)
    __fpl_fretinf                            0x0800c289   Thumb Code    10  fretinf.o(x$fpl$fretinf)
    _printf_fp_dec                           0x0800c293   Thumb Code     4  printf1.o(x$fpl$printf1)
    _printf_fp_hex                           0x0800c297   Thumb Code     4  printf2.o(x$fpl$printf2)
    __fpl_return_NaN                         0x0800c29b   Thumb Code   100  retnan.o(x$fpl$retnan)
    __ARM_scalbn                             0x0800c2ff   Thumb Code    92  scalbn.o(x$fpl$scalbn)
    _scanf_real                              0x0800c35b   Thumb Code     4  scanf1.o(x$fpl$scanf1)
    _scanf_hex_real                          0x0800c35f   Thumb Code     4  scanf2.o(x$fpl$scanf2)
    _scanf_infnan                            0x0800c363   Thumb Code     4  scanf2.o(x$fpl$scanf2)
    __fpl_cmpreturn                          0x0800c367   Thumb Code    48  trapv.o(x$fpl$trapveneer)
    __I$use$fp                               0x0800c396   Number         0  usenofp.o(x$fpl$usenofp)
    __stdin_name                             0x0800c3d0   Data           7  retarget.o(.constdata)
    __stdout_name                            0x0800c3d7   Data           8  retarget.o(.constdata)
    __stderr_name                            0x0800c3df   Data           8  retarget.o(.constdata)
    APBAHBPrescTable                         0x0800c3e7   Data          16  stm32f4xx_hal_rcc.o(.constdata)
    AHBPrescTable                            0x0800c3f7   Data          16  system_stm32f4xx.o(.constdata)
    PinMap_ADC                               0x0800c424   Data         204  PeripheralPins.o(.constdata)
    PinMap_I2C_SDA                           0x0800c4f0   Data          72  PeripheralPins.o(.constdata)
    PinMap_I2C_SCL                           0x0800c538   Data          60  PeripheralPins.o(.constdata)
    PinMap_UART_TX                           0x0800c574   Data          72  PeripheralPins.o(.constdata)
    PinMap_UART_RX                           0x0800c5bc   Data          72  PeripheralPins.o(.constdata)
    _monlen                                  0x0800c708   Data          12  _monlen.o(.constdata)
    __mathlib_zero                           0x0800c718   Data           8  qnan.o(.constdata)
    vtable for FlexTicker                    0x0800c7dc   Data          20  softserial.o(.constdata__ZTV10FlexTicker)
    vtable for SoftSerial                    0x0800c7f0   Data          68  softserial.o(.constdata__ZTV10SoftSerial)
    vtable for AjK::MODSERIAL                0x0800c834   Data          92  modserial.o(.constdata__ZTVN3AjK9MODSERIALE)
    vtable for mbed::FileHandle              0x0800c890   Data          44  retarget.o(.constdata__ZTVN4mbed10FileHandleE)
    vtable for mbed::SerialBase              0x0800c8bc   Data          16  SerialBase.o(.constdata__ZTVN4mbed10SerialBaseE)
    vtable for mbed::TimerEvent              0x0800c8cc   Data          20  TimerEvent.o(.constdata__ZTVN4mbed10TimerEventE)
    vtable for mbed::InterruptIn             0x0800c8e0   Data          16  InterruptIn.o(.constdata__ZTVN4mbed11InterruptInE)
    vtable for mbed::Serial                  0x0800c8f0   Data          92  Serial.o(.constdata__ZTVN4mbed6SerialE)
    vtable for mbed::Stream                  0x0800c94c   Data          68  Stream.o(.constdata__ZTVN4mbed6StreamE)
    vtable for mbed::Ticker                  0x0800c990   Data          20  Ticker.o(.constdata__ZTVN4mbed6TickerE)
    vtable for mbed::FileBase                0x0800c9a4   Data          16  FileBase.o(.constdata__ZTVN4mbed8FileBaseE)
    vtable for mbed::FileLike                0x0800c9b4   Data          60  FileLike.o(.constdata__ZTVN4mbed8FileLikeE)
    Region$$Table$$Base                      0x0800cc90   Number         0  anon$$obj.o(Region$$Table)
    Region$$Table$$Limit                     0x0800ccb0   Number         0  anon$$obj.o(Region$$Table)
    __aeabi_HUGE_VAL                         0x0800ccb0   Data           0  fpconst.o(c$$dinf)
    __aeabi_HUGE_VALL                        0x0800ccb0   Data           0  fpconst.o(c$$dinf)
    __aeabi_INFINITY                         0x0800ccb0   Data           0  fpconst.o(c$$dinf)
    __dInf                                   0x0800ccb0   Data           0  fpconst.o(c$$dinf)
    __huge_val                               0x0800ccb0   Data           0  fpconst.o(c$$dinf)
    __ctype                                  0x0800cce1   Data           0  lc_ctype_c.o(locale$$data)
    SHT$$INIT_ARRAY$$Base                    0x0800cde4   Number         0  modbusslave232.o(.init_array)
    SHT$$INIT_ARRAY$$Limit                   0x0800cdf4   Number         0  init_aeabi.o(.init_array)
    Nowdt                                    0x20000194   Data           4  modbusslave232.o(.data)
    lastBytesReceived                        0x20000198   Data           4  modbusslave232.o(.data)
    overhead_us                              0x2000019c   Data           4  softserial_rx.o(.data)
    mbs                                      0x200001a0   Data           1  main.o(.data)
    CO2_PPM                                  0x200001a4   Data           4  main.o(.data)
    water_temperature                        0x200001a8   Data           4  main.o(.data)
    water_pH                                 0x200001ac   Data           8  main.o(.data)
    water_EC                                 0x200001b4   Data           8  main.o(.data)
    PreviousVal                              0x200001bc   Data           4  hal_tick.o(.data)
    SystemCoreClock                          0x200001c4   Data           4  system_stm32f4xx.o(.data)
    stdio_uart_inited                        0x20000214   Data           4  serial_api.o(.data)
    mbed::I2C::_owner                        0x20000220   Data           4  I2C.o(.data)
    i2c1_inited                              0x2000023c   Data           4  i2c_api.o(.data)
    i2c2_inited                              0x20000240   Data           4  i2c_api.o(.data)
    i2c3_inited                              0x20000244   Data           4  i2c_api.o(.data)
    mbed::FileBase::_head                    0x20000248   Data           4  FileBase.o(.data)
    __aeabi_stdin                            0x2000024c   Data           4  stdio_streams.o(.data)
    __aeabi_stdout                           0x20000250   Data           4  stdio_streams.o(.data)
    __aeabi_stderr                           0x20000254   Data           4  stdio_streams.o(.data)
    pc                                       0x2000025c   Data         280  modbusslave232.o(.bss)
    led1                                     0x20000374   Data          16  main.o(.bss)
    led2                                     0x20000384   Data          16  main.o(.bss)
    led3                                     0x20000394   Data          16  main.o(.bss)
    dht22                                    0x200003a4   Data          44  main.o(.bss)
    water_temp                               0x200003d0   Data          52  main.o(.bss)
    R0                                       0x20000404   Data          16  main.o(.bss)
    R1                                       0x20000414   Data          16  main.o(.bss)
    R2                                       0x20000424   Data          16  main.o(.bss)
    R3                                       0x20000434   Data          16  main.o(.bss)
    R4                                       0x20000444   Data          16  main.o(.bss)
    R5                                       0x20000454   Data          16  main.o(.bss)
    R6                                       0x20000464   Data          16  main.o(.bss)
    R7                                       0x20000474   Data          16  main.o(.bss)
    CO2sensor                                0x20000484   Data         224  main.o(.bss)
    lux_sensor                               0x20000564   Data          12  main.o(.bss)
    shell_switch                             0x20000570   Data          16  main.o(.bss)
    window_switch                            0x20000580   Data          16  main.o(.bss)
    modbus_updater                           0x20000590   Data          48  main.o(.bss)
    regs                                     0x200005c0   Data          40  main.o(.bss)
    co2string                                0x200005e8   Data          32  main.o(.bss)
    TimMasterHandle                          0x20000608   Data          60  hal_tick.o(.bss)
    AdcHandle                                0x200006b4   Data          68  analogin_api.o(.bss)
    serial_irq_ids                           0x2000090c   Data          32  serial_api.o(.bss)
    stdio_uart                               0x20000b2c   Data          36  serial_api.o(.bss)
    I2cHandle                                0x20000b8c   Data          60  i2c_api.o(.bss)
    __stdin                                  0x20000be8   Data          84  stdio_streams.o(.bss)
    __stdout                                 0x20000c3c   Data          84  stdio_streams.o(.bss)
    __stderr                                 0x20000c90   Data          84  stdio_streams.o(.bss)
    Image$$RW_IRAM1$$ZI$$Limit               0x20000d38   Number         0  anon$$obj.o ABSOLUTE



==============================================================================

Memory Map of the image

  Image Entry point : 0x08000195

  Load Region LR_IROM1 (Base: 0x08000000, Size: 0x0000cebc, Max: 0x00080000, ABSOLUTE)

    Execution Region ER_IROM1 (Base: 0x08000000, Size: 0x0000cdf4, Max: 0x00080000, ABSOLUTE)

    Base Addr    Size         Type   Attr      Idx    E Section Name        Object

    0x08000000   0x00000194   Data   RO         2499    RESET               startup_stm32f401xe.o
    0x08000194   0x00000008   Code   RO         5504  * !!!main             c_w.l(__main.o)
    0x0800019c   0x00000034   Code   RO         6365    !!!scatter          c_w.l(__scatter.o)
    0x080001d0   0x0000001a   Code   RO         6367    !!handler_copy      c_w.l(__scatter_copy.o)
    0x080001ea   0x00000002   PAD
    0x080001ec   0x0000001c   Code   RO         6369    !!handler_zi        c_w.l(__scatter_zi.o)
    0x08000208   0x00000000   Code   RO         5430    .ARM.Collect$$_printf_percent$$00000000  c_w.l(_printf_percent.o)
    0x08000208   0x00000006   Code   RO         5817    .ARM.Collect$$_printf_percent$$00000001  c_w.l(_printf_n.o)
    0x0800020e   0x00000006   Code   RO         5429    .ARM.Collect$$_printf_percent$$00000002  c_w.l(_printf_p.o)
    0x08000214   0x00000006   Code   RO         5823    .ARM.Collect$$_printf_percent$$00000003  c_w.l(_printf_f.o)
    0x0800021a   0x00000006   Code   RO         5824    .ARM.Collect$$_printf_percent$$00000004  c_w.l(_printf_e.o)
    0x08000220   0x00000006   Code   RO         5825    .ARM.Collect$$_printf_percent$$00000005  c_w.l(_printf_g.o)
    0x08000226   0x00000006   Code   RO         5826    .ARM.Collect$$_printf_percent$$00000006  c_w.l(_printf_a.o)
    0x0800022c   0x0000000a   Code   RO         5831    .ARM.Collect$$_printf_percent$$00000007  c_w.l(_printf_ll.o)
    0x08000236   0x00000006   Code   RO         5820    .ARM.Collect$$_printf_percent$$00000008  c_w.l(_printf_i.o)
    0x0800023c   0x00000006   Code   RO         5821    .ARM.Collect$$_printf_percent$$00000009  c_w.l(_printf_d.o)
    0x08000242   0x00000006   Code   RO         5822    .ARM.Collect$$_printf_percent$$0000000A  c_w.l(_printf_u.o)
    0x08000248   0x00000006   Code   RO         5819    .ARM.Collect$$_printf_percent$$0000000B  c_w.l(_printf_o.o)
    0x0800024e   0x00000006   Code   RO         5818    .ARM.Collect$$_printf_percent$$0000000C  c_w.l(_printf_x.o)
    0x08000254   0x00000006   Code   RO         5828    .ARM.Collect$$_printf_percent$$0000000D  c_w.l(_printf_lli.o)
    0x0800025a   0x00000006   Code   RO         5829    .ARM.Collect$$_printf_percent$$0000000E  c_w.l(_printf_lld.o)
    0x08000260   0x00000006   Code   RO         5830    .ARM.Collect$$_printf_percent$$0000000F  c_w.l(_printf_llu.o)
    0x08000266   0x00000006   Code   RO         5835    .ARM.Collect$$_printf_percent$$00000010  c_w.l(_printf_llo.o)
    0x0800026c   0x00000006   Code   RO         5836    .ARM.Collect$$_printf_percent$$00000011  c_w.l(_printf_llx.o)
    0x08000272   0x0000000a   Code   RO         5832    .ARM.Collect$$_printf_percent$$00000012  c_w.l(_printf_l.o)
    0x0800027c   0x00000006   Code   RO         5816    .ARM.Collect$$_printf_percent$$00000013  c_w.l(_printf_c.o)
    0x08000282   0x00000006   Code   RO         5428    .ARM.Collect$$_printf_percent$$00000014  c_w.l(_printf_s.o)
    0x08000288   0x00000006   Code   RO         5833    .ARM.Collect$$_printf_percent$$00000015  c_w.l(_printf_lc.o)
    0x0800028e   0x00000006   Code   RO         5834    .ARM.Collect$$_printf_percent$$00000016  c_w.l(_printf_ls.o)
    0x08000294   0x00000004   Code   RO         5827    .ARM.Collect$$_printf_percent$$00000017  c_w.l(_printf_percent_end.o)
    0x08000298   0x00000002   Code   RO         6268    .ARM.Collect$$libinit$$00000000  c_w.l(libinit.o)
    0x0800029a   0x00000004   Code   RO         5884    .ARM.Collect$$libinit$$00000001  c_w.l(libinit2.o)
    0x0800029e   0x00000000   Code   RO         5887    .ARM.Collect$$libinit$$00000004  c_w.l(libinit2.o)
    0x0800029e   0x00000008   Code   RO         5888    .ARM.Collect$$libinit$$00000005  c_w.l(libinit2.o)
    0x080002a6   0x00000000   Code   RO         5890    .ARM.Collect$$libinit$$0000000A  c_w.l(libinit2.o)
    0x080002a6   0x00000000   Code   RO         5892    .ARM.Collect$$libinit$$0000000C  c_w.l(libinit2.o)
    0x080002a6   0x00000000   Code   RO         5894    .ARM.Collect$$libinit$$0000000E  c_w.l(libinit2.o)
    0x080002a6   0x00000006   Code   RO         5895    .ARM.Collect$$libinit$$0000000F  c_w.l(libinit2.o)
    0x080002ac   0x00000000   Code   RO         5897    .ARM.Collect$$libinit$$00000011  c_w.l(libinit2.o)
    0x080002ac   0x0000000c   Code   RO         5898    .ARM.Collect$$libinit$$00000012  c_w.l(libinit2.o)
    0x080002b8   0x00000000   Code   RO         5899    .ARM.Collect$$libinit$$00000013  c_w.l(libinit2.o)
    0x080002b8   0x00000000   Code   RO         5901    .ARM.Collect$$libinit$$00000015  c_w.l(libinit2.o)
    0x080002b8   0x0000000a   Code   RO         5902    .ARM.Collect$$libinit$$00000016  c_w.l(libinit2.o)
    0x080002c2   0x00000000   Code   RO         5903    .ARM.Collect$$libinit$$00000017  c_w.l(libinit2.o)
    0x080002c2   0x00000000   Code   RO         5905    .ARM.Collect$$libinit$$00000019  c_w.l(libinit2.o)
    0x080002c2   0x00000000   Code   RO         5907    .ARM.Collect$$libinit$$0000001B  c_w.l(libinit2.o)
    0x080002c2   0x00000000   Code   RO         5909    .ARM.Collect$$libinit$$0000001D  c_w.l(libinit2.o)
    0x080002c2   0x00000000   Code   RO         5911    .ARM.Collect$$libinit$$0000001F  c_w.l(libinit2.o)
    0x080002c2   0x00000000   Code   RO         5913    .ARM.Collect$$libinit$$00000021  c_w.l(libinit2.o)
    0x080002c2   0x00000000   Code   RO         5915    .ARM.Collect$$libinit$$00000023  c_w.l(libinit2.o)
    0x080002c2   0x00000004   Code   RO         5916    .ARM.Collect$$libinit$$00000024  c_w.l(libinit2.o)
    0x080002c6   0x00000000   Code   RO         5917    .ARM.Collect$$libinit$$00000025  c_w.l(libinit2.o)
    0x080002c6   0x00000000   Code   RO         5921    .ARM.Collect$$libinit$$0000002C  c_w.l(libinit2.o)
    0x080002c6   0x00000000   Code   RO         5923    .ARM.Collect$$libinit$$0000002E  c_w.l(libinit2.o)
    0x080002c6   0x00000000   Code   RO         5925    .ARM.Collect$$libinit$$00000030  c_w.l(libinit2.o)
    0x080002c6   0x00000004   Code   RO         5926    .ARM.Collect$$libinit$$00000031  c_w.l(libinit2.o)
    0x080002ca   0x00000000   Code   RO         5927    .ARM.Collect$$libinit$$00000032  c_w.l(libinit2.o)
    0x080002ca   0x00000002   Code   RO         5928    .ARM.Collect$$libinit$$00000033  c_w.l(libinit2.o)
    0x080002cc   0x00000000   Code   RO         6151    .ARM.Collect$$libshutdown$$00000002  c_w.l(libshutdown2.o)
    0x080002cc   0x00000000   Code   RO         6153    .ARM.Collect$$libshutdown$$00000004  c_w.l(libshutdown2.o)
    0x080002cc   0x00000000   Code   RO         5749    .ARM.Collect$$rtentry$$00000000  c_w.l(__rtentry.o)
    0x080002cc   0x00000000   Code   RO         6047    .ARM.Collect$$rtentry$$00000002  c_w.l(__rtentry2.o)
    0x080002cc   0x00000006   Code   RO         6059    .ARM.Collect$$rtentry$$00000004  c_w.l(__rtentry4.o)
    0x080002d2   0x00000000   Code   RO         6049    .ARM.Collect$$rtentry$$00000009  c_w.l(__rtentry2.o)
    0x080002d2   0x00000004   Code   RO         6050    .ARM.Collect$$rtentry$$0000000A  c_w.l(__rtentry2.o)
    0x080002d6   0x00000000   Code   RO         6052    .ARM.Collect$$rtentry$$0000000C  c_w.l(__rtentry2.o)
    0x080002d6   0x00000008   Code   RO         6053    .ARM.Collect$$rtentry$$0000000D  c_w.l(__rtentry2.o)
    0x080002de   0x00000002   PAD
    0x080002e0   0x00000000   Code   RO         6070    .emb_text           c_w.l(maybetermalloc1.o)
    0x080002e0   0x00000024   Code   RO         2500    .text               startup_stm32f401xe.o
    0x08000304   0x0000005e   Code   RO         5317    .text               c_w.l(h1_alloc.o)
    0x08000362   0x0000004e   Code   RO         5319    .text               c_w.l(h1_free.o)
    0x080003b0   0x0000000a   Code   RO         5375    .text               c_w.l(vfprintf.o)
    0x080003ba   0x0000000a   Code   RO         5377    .text               c_w.l(c89vfprintf.o)
    0x080003c4   0x0000002c   Code   RO         5379    .text               c_w.l(__2sprintf.o)
    0x080003f0   0x00000052   Code   RO         5385    .text               c_w.l(_printf_str.o)
    0x08000442   0x00000002   PAD
    0x08000444   0x00000094   Code   RO         5405    .text               c_w.l(_printf_hex_int_ll_ptr.o)
    0x080004d8   0x00000188   Code   RO         5425    .text               c_w.l(__printf_flags_ss_wp.o)
    0x08000660   0x00000010   Code   RO         5431    .text               c_w.l(vfscanf.o)
    0x08000670   0x0000003c   Code   RO         5433    .text               c_w.l(__0sscanf.o)
    0x080006ac   0x0000014c   Code   RO         5435    .text               c_w.l(_scanf_int.o)
    0x080007f8   0x000000e0   Code   RO         5437    .text               c_w.l(_scanf_str.o)
    0x080008d8   0x00000064   Code   RO         5439    .text               c_w.l(fflush.o)
    0x0800093c   0x00000046   Code   RO         5453    .text               c_w.l(setvbuf.o)
    0x08000982   0x00000002   PAD
    0x08000984   0x000000ec   Code   RO         5455    .text               c_w.l(fopen.o)
    0x08000a70   0x00000014   Code   RO         5457    .text               c_w.l(setbuf.o)
    0x08000a84   0x0000004c   Code   RO         5465    .text               c_w.l(fclose.o)
    0x08000ad0   0x0000002e   Code   RO         5482    .text               c_w.l(aeabi_atexit.o)
    0x08000afe   0x0000003e   Code   RO         5485    .text               c_w.l(strlen.o)
    0x08000b3c   0x00000096   Code   RO         5487    .text               c_w.l(strncmp.o)
    0x08000bd2   0x00000064   Code   RO         5491    .text               c_w.l(rt_memcpy_w.o)
    0x08000c36   0x0000004e   Code   RO         5493    .text               c_w.l(rt_memclr_w.o)
    0x08000c84   0x00000080   Code   RO         5497    .text               c_w.l(strcmpv7m.o)
    0x08000d04   0x0000000c   Code   RO         5499    .text               c_w.l(localtime.o)
    0x08000d10   0x000001a8   Code   RO         5502    .text               c_w.l(mktime.o)
    0x08000eb8   0x00000024   Code   RO         5509    .text               c_w.l(init_aeabi.o)
    0x08000edc   0x00000008   Code   RO         5750    .text               c_w.l(rt_heap_descriptor.o)
    0x08000ee4   0x00000008   Code   RO         5755    .text               c_w.l(rt_new_handler_addr.o)
    0x08000eec   0x00000008   Code   RO         5760    .text               c_w.l(rt_ddtor_pointer_addr.o)
    0x08000ef4   0x00000004   Code   RO         5765    .text               c_w.l(hguard.o)
    0x08000ef8   0x0000008a   Code   RO         5767    .text               c_w.l(init_alloc.o)
    0x08000f82   0x0000000e   Code   RO         5771    .text               c_w.l(h1_init.o)
    0x08000f90   0x00000016   Code   RO         5785    .text               c_w.l(_rserrno.o)
    0x08000fa6   0x0000004e   Code   RO         5787    .text               c_w.l(_printf_pad.o)
    0x08000ff4   0x00000024   Code   RO         5789    .text               c_w.l(_printf_truncate.o)
    0x08001018   0x000000b2   Code   RO         5791    .text               c_w.l(_printf_intcommon.o)
    0x080010ca   0x00000002   PAD
    0x080010cc   0x00000078   Code   RO         5793    .text               c_w.l(_printf_dec.o)
    0x08001144   0x00000028   Code   RO         5795    .text               c_w.l(_printf_charcount.o)
    0x0800116c   0x00000030   Code   RO         5797    .text               c_w.l(_printf_char_common.o)
    0x0800119c   0x0000000a   Code   RO         5799    .text               c_w.l(_sputc.o)
    0x080011a6   0x0000002c   Code   RO         5801    .text               c_w.l(_printf_char.o)
    0x080011d2   0x00000002   PAD
    0x080011d4   0x00000024   Code   RO         5803    .text               c_w.l(_printf_char_file.o)
    0x080011f8   0x000000bc   Code   RO         5805    .text               c_w.l(_printf_wctomb.o)
    0x080012b4   0x0000007c   Code   RO         5808    .text               c_w.l(_printf_longlong_dec.o)
    0x08001330   0x00000070   Code   RO         5814    .text               c_w.l(_printf_oct_int_ll.o)
    0x080013a0   0x0000001c   Code   RO         5837    .text               c_w.l(_chval.o)
    0x080013bc   0x00000156   Code   RO         5839    .text               c_w.l(_scanf_longlong.o)
    0x08001512   0x00000002   PAD
    0x08001514   0x0000002c   Code   RO         5841    .text               c_w.l(scanf_char.o)
    0x08001540   0x00000040   Code   RO         5843    .text               c_w.l(_sgetc.o)
    0x08001580   0x00000018   Code   RO         5845    .text               c_w.l(scanf_char_file.o)
    0x08001598   0x00000114   Code   RO         5847    .text               c_w.l(_scanf_mbtowc.o)
    0x080016ac   0x000000e8   Code   RO         5849    .text               c_w.l(_scanf_wctomb.o)
    0x08001794   0x000000d0   Code   RO         5851    .text               c_w.l(_scanf_wstr.o)
    0x08001864   0x00000008   Code   RO         5853    .text               c_w.l(ferror.o)
    0x0800186c   0x0000023a   Code   RO         5855    .text               c_w.l(filbuf.o)
    0x08001aa6   0x000001d6   Code   RO         5857    .text               c_w.l(flsbuf.o)
    0x08001c7c   0x000000f8   Code   RO         5859    .text               c_w.l(fseek.o)
    0x08001d74   0x000000f0   Code   RO         5861    .text               c_w.l(stdio.o)
    0x08001e64   0x00000138   Code   RO         5864    .text               c_w.l(initio.o)
    0x08001f9c   0x00000042   Code   RO         5870    .text               c_w.l(cxa_finalize.o)
    0x08001fde   0x0000000e   Code   RO         5873    .text               c_w.l(defsig_pvfn_outer.o)
    0x08001fec   0x000000b8   Code   RO         5880    .text               c_w.l(localtime_internal.o)
    0x080020a4   0x00000004   Code   RO         5936    .text               cpprt_w.l(arm_newhandler_noexceptions.o)
    0x080020a8   0x00000008   Code   RO         6063    .text               c_w.l(rt_errno_addr.o)
    0x080020b0   0x00000034   Code   RO         6072    .text               c_w.l(h1_extend.o)
    0x080020e4   0x0000008a   Code   RO         6076    .text               c_w.l(lludiv10.o)
    0x0800216e   0x00000012   Code   RO         6078    .text               c_w.l(isspace.o)
    0x08002180   0x0000041a   Code   RO         6080    .text               c_w.l(_printf_fp_dec.o)
    0x0800259a   0x00000002   PAD
    0x0800259c   0x000002fc   Code   RO         6082    .text               c_w.l(_printf_fp_hex.o)
    0x08002898   0x0000002c   Code   RO         6089    .text               c_w.l(_printf_wchar.o)
    0x080028c4   0x00000374   Code   RO         6091    .text               c_w.l(_scanf.o)
    0x08002c38   0x000004a4   Code   RO         6093    .text               c_w.l(scanf_fp.o)
    0x080030dc   0x0000001e   Code   RO         6097    .text               c_w.l(_scanf_wcharmap.o)
    0x080030fa   0x00000048   Code   RO         6099    .text               c_w.l(backspace.o)
    0x08003142   0x00000042   Code   RO         6101    .text               c_w.l(ftell.o)
    0x08003184   0x00000038   Code   RO         6109    .text               c_w.l(flushlinebuffered.o)
    0x080031bc   0x0000003c   Code   RO         6125    .text               c_w.l(_mbrtowc.o)
    0x080031f8   0x00000040   Code   RO         6127    .text               c_w.l(_wcrtomb.o)
    0x08003238   0x0000000a   Code   RO         6129    .text               c_w.l(defsig_exit.o)
    0x08003242   0x0000000e   Code   RO         6131    .text               c_w.l(defsig_rtred_outer.o)
    0x08003250   0x0000000e   Code   RO         6135    .text               c_w.l(defsig_rtmem_outer.o)
    0x0800325e   0x00000002   PAD
    0x08003260   0x00000030   Code   RO         6139    .text               c_w.l(defsig_pvfn_inner.o)
    0x08003290   0x00000050   Code   RO         6143    .text               c_w.l(heapauxa.o)
    0x080032e0   0x0000001a   Code   RO         6186    .text               cpprt_w.l(arm_exceptions_terminate.o)
    0x080032fa   0x00000002   PAD
    0x080032fc   0x00000050   Code   RO         6189    .text               cpprt_w.l(arm_exceptions_globs.o)
    0x0800334c   0x0000000c   Code   RO         6201    .text               c_w.l(sys_exit.o)
    0x08003358   0x00000010   Code   RO         6203    .text               c_w.l(rt_ctype_table.o)
    0x08003368   0x00000008   Code   RO         6205    .text               c_w.l(rt_locale.o)
    0x08003370   0x00000008   Code   RO         6210    .text               c_w.l(rt_eh_globals_addr.o)
    0x08003378   0x00000080   Code   RO         6217    .text               c_w.l(_printf_fp_infnan.o)
    0x080033f8   0x000000dc   Code   RO         6219    .text               c_w.l(bigflt0.o)
    0x080034d4   0x00000048   Code   RO         6244    .text               c_w.l(ungetc.o)
    0x0800351c   0x00000016   Code   RO         6249    .text               c_w.l(abort.o)
    0x08003532   0x00000032   Code   RO         6253    .text               c_w.l(defsig_general.o)
    0x08003564   0x00000034   Code   RO         6255    .text               c_w.l(defsig_rtred_inner.o)
    0x08003598   0x00000050   Code   RO         6257    .text               c_w.l(defsig_rtmem_inner.o)
    0x080035e8   0x0000003c   Code   RO         6272    .text               cpprt_w.l(arm_exceptions_mem.o)
    0x08003624   0x0000000e   Code   RO         6301    .text               c_w.l(sys_wrch.o)
    0x08003632   0x00000002   Code   RO         6303    .text               c_w.l(use_no_semi.o)
    0x08003634   0x00000000   Code   RO         6305    .text               c_w.l(indicate_semi.o)
    0x08003634   0x00000320   Code   RO         6310    .text               c_w.l(scanf_hexfp.o)
    0x08003954   0x00000134   Code   RO         6312    .text               c_w.l(scanf_infnan.o)
    0x08003a88   0x0000000e   Code   RO         6319    .text               c_w.l(defsig_abrt_outer.o)
    0x08003a96   0x00000026   Code   RO         6333    .text               c_w.l(llshl.o)
    0x08003abc   0x00000030   Code   RO         6335    .text               c_w.l(defsig_abrt_inner.o)
    0x08003aec   0x0000003e   Code   RO         6222    CL$$btod_d2e        c_w.l(btod.o)
    0x08003b2a   0x00000046   Code   RO         6224    CL$$btod_d2e_denorm_low  c_w.l(btod.o)
    0x08003b70   0x00000060   Code   RO         6223    CL$$btod_d2e_norm_op1  c_w.l(btod.o)
    0x08003bd0   0x00000338   Code   RO         6232    CL$$btod_div_common  c_w.l(btod.o)
    0x08003f08   0x00000054   Code   RO         6230    CL$$btod_e2d        c_w.l(btod.o)
    0x08003f5c   0x000000c6   Code   RO         6229    CL$$btod_e2e        c_w.l(btod.o)
    0x08004022   0x00000028   Code   RO         6226    CL$$btod_ediv       c_w.l(btod.o)
    0x0800404a   0x00000028   Code   RO         6228    CL$$btod_edivd      c_w.l(btod.o)
    0x08004072   0x00000028   Code   RO         6225    CL$$btod_emul       c_w.l(btod.o)
    0x0800409a   0x00000028   Code   RO         6227    CL$$btod_emuld      c_w.l(btod.o)
    0x080040c2   0x00000244   Code   RO         6231    CL$$btod_mult_common  c_w.l(btod.o)
    0x08004306   0x00000012   Code   RO         2382    i.$Sub$$main        retarget.o
    0x08004318   0x00000008   Code   RO         4891    i.<Func1>           mbed.ar(SerialBase.o)
    0x08004320   0x00000008   Code   RO         1635    i.<Func4>           softserial.o
    0x08004328   0x000001b4   Code   RO         2558    i.HAL_ADC_ConfigChannel  stm32f4xx_hal_adc.o
    0x080044dc   0x00000006   Code   RO         2565    i.HAL_ADC_GetValue  stm32f4xx_hal_adc.o
    0x080044e2   0x00000002   PAD
    0x080044e4   0x00000164   Code   RO         2567    i.HAL_ADC_Init      stm32f4xx_hal_adc.o
    0x08004648   0x00000002   Code   RO         2570    i.HAL_ADC_MspInit   stm32f4xx_hal_adc.o
    0x0800464a   0x00000002   PAD
    0x0800464c   0x00000080   Code   RO         2571    i.HAL_ADC_PollForConversion  stm32f4xx_hal_adc.o
    0x080046cc   0x000000d4   Code   RO         2573    i.HAL_ADC_Start     stm32f4xx_hal_adc.o
    0x080047a0   0x00000204   Code   RO         2887    i.HAL_GPIO_Init     stm32f4xx_hal_gpio.o
    0x080049a4   0x0000000c   Code   RO         2518    i.HAL_GetTick       stm32f4xx_hal.o
    0x080049b0   0x00000100   Code   RO         2972    i.HAL_I2C_Init      stm32f4xx_hal_i2c.o
    0x08004ab0   0x00000002   Code   RO         2991    i.HAL_I2C_MspInit   stm32f4xx_hal_i2c.o
    0x08004ab2   0x00000002   PAD
    0x08004ab4   0x00000010   Code   RO         2519    i.HAL_IncTick       stm32f4xx_hal.o
    0x08004ac4   0x00000034   Code   RO         2520    i.HAL_Init          stm32f4xx_hal.o
    0x08004af8   0x000000b4   Code   RO         2360    i.HAL_InitTick      hal_tick.o
    0x08004bac   0x00000002   Code   RO         3261    i.HAL_MspInit       stm32f4xx_hal_msp_template.o
    0x08004bae   0x00000002   PAD
    0x08004bb0   0x00000024   Code   RO         2668    i.HAL_NVIC_SetPriorityGrouping  stm32f4xx_hal_cortex.o
    0x08004bd4   0x00000230   Code   RO         3445    i.HAL_RCC_ClockConfig  stm32f4xx_hal_rcc.o
    0x08004e04   0x0000004c   Code   RO         3452    i.HAL_RCC_GetPCLK1Freq  stm32f4xx_hal_rcc.o
    0x08004e50   0x0000004c   Code   RO         3453    i.HAL_RCC_GetPCLK2Freq  stm32f4xx_hal_rcc.o
    0x08004e9c   0x00000094   Code   RO         3454    i.HAL_RCC_GetSysClockFreq  stm32f4xx_hal_rcc.o
    0x08004f30   0x0000038c   Code   RO         3457    i.HAL_RCC_OscConfig  stm32f4xx_hal_rcc.o
    0x080052bc   0x00000062   Code   RO         3502    i.HAL_RTC_GetDate   stm32f4xx_hal_rtc.o
    0x0800531e   0x00000002   PAD
    0x08005320   0x00000078   Code   RO         3504    i.HAL_RTC_GetTime   stm32f4xx_hal_rtc.o
    0x08005398   0x000000cc   Code   RO         3505    i.HAL_RTC_Init      stm32f4xx_hal_rtc.o
    0x08005464   0x00000002   Code   RO         3507    i.HAL_RTC_MspInit   stm32f4xx_hal_rtc.o
    0x08005466   0x00000002   PAD
    0x08005468   0x0000012a   Code   RO         3511    i.HAL_RTC_SetDate   stm32f4xx_hal_rtc.o
    0x08005592   0x00000002   PAD
    0x08005594   0x00000148   Code   RO         3512    i.HAL_RTC_SetTime   stm32f4xx_hal_rtc.o
    0x080056dc   0x00000036   Code   RO         3894    i.HAL_TIM_OC_Init   stm32f4xx_hal_tim.o
    0x08005712   0x00000002   Code   RO         3896    i.HAL_TIM_OC_MspInit  stm32f4xx_hal_tim.o
    0x08005714   0x00000036   Code   RO         3897    i.HAL_TIM_OC_Start  stm32f4xx_hal_tim.o
    0x0800574a   0x0000005e   Code   RO         4137    i.HAL_UART_Init     stm32f4xx_hal_uart.o
    0x080057a8   0x00000002   Code   RO         4139    i.HAL_UART_MspInit  stm32f4xx_hal_uart.o
    0x080057aa   0x00000002   PAD
    0x080057ac   0x00000034   Code   RO         2351    i.NVIC_SetVector    cmsis_nvic.o
    0x080057e0   0x00000030   Code   RO         3515    i.RTC_ByteToBcd2    stm32f4xx_hal_rtc.o
    0x08005810   0x0000008c   Code   RO         4438    i.SetSysClock_PLL_HSE  system_stm32f4xx.o
    0x0800589c   0x000000d0   Code   RO         5190    i.Set_GPIO_Clock    mbed.ar(pinmap.o)
    0x0800596c   0x00000084   Code   RO         4440    i.SystemCoreClockUpdate  system_stm32f4xx.o
    0x080059f0   0x00000110   Code   RO         4441    i.SystemInit        system_stm32f4xx.o
    0x08005b00   0x00000094   Code   RO         3931    i.TIM_Base_SetConfig  stm32f4xx_hal_tim.o
    0x08005b94   0x00000218   Code   RO         4155    i.UART_SetConfig    stm32f4xx_hal_uart.o
    0x08005dac   0x0000001c   Code   RO         4456    i._Z11startMillisv  millis.o
    0x08005dc8   0x00000010   Code   RO         4457    i._Z12millisTickerv  millis.o
    0x08005dd8   0x00000258   Code   RO         2007    i._Z13update_modbusv  main.o
    0x08006030   0x0000000c   Code   RO         4458    i._Z6millisv        millis.o
    0x0800603c   0x0000001c   Code   RO         1703    i._ZN10FlexTicker7handlerEv  softserial.o
    0x08006058   0x000000c0   Code   RO         1910    i._ZN10SoftSerial10prepare_txEi  softserial_tx.o
    0x08006118   0x00000124   Code   RO         1807    i._ZN10SoftSerial10rx_handlerEv  softserial_rx.o
    0x0800623c   0x00000090   Code   RO         1911    i._ZN10SoftSerial10send_breakEv  softserial_tx.o
    0x080062cc   0x00000100   Code   RO         1912    i._ZN10SoftSerial10tx_handlerEv  softserial_tx.o
    0x080063cc   0x00000038   Code   RO         1808    i._ZN10SoftSerial19rx_gpio_irq_handlerEv  softserial_rx.o
    0x08006404   0x00000010   Code   RO         1636    i._ZN10SoftSerial4baudEi  softserial.o
    0x08006414   0x00000012   Code   RO         1809    i._ZN10SoftSerial5_getcEv  softserial_rx.o
    0x08006426   0x00000034   Code   RO         1913    i._ZN10SoftSerial5_putcEi  softserial_tx.o
    0x0800645a   0x00000002   PAD
    0x0800645c   0x00000164   Code   RO         1638    i._ZN10SoftSerialC1E7PinNameS0_PKc  softserial.o
    0x080065c0   0x0000004c   Code   RO         1640    i._ZN10SoftSerialD1Ev  softserial.o
    0x0800660c   0x00000022   Code   RO         2164    i._ZN11TSL2561_I2C11enablePowerEv  tsl2561_i2c.o
    0x0800662e   0x0000003a   Code   RO         2171    i._ZN11TSL2561_I2C18readSingleRegisterEc  tsl2561_i2c.o
    0x08006668   0x00000358   Code   RO         2185    i._ZN11TSL2561_I2C6getLuxEv  tsl2561_i2c.o
    0x080069c0   0x00000038   Code   RO         2189    i._ZN11TSL2561_I2CC1E7PinNameS0_  tsl2561_i2c.o
    0x080069f8   0x000000b8   Code   RO         1275    i._ZN14ModbusSlave23222read_holding_registersEjhPi  modbusslave232.o
    0x08006ab0   0x000000b4   Code   RO         1277    i._ZN14ModbusSlave23225preset_multiple_registersEjhPhPi  modbusslave232.o
    0x08006b64   0x0000009c   Code   RO         1278    i._ZN14ModbusSlave2323crcEPhhh  modbusslave232.o
    0x08006c00   0x00000218   Code   RO         1279    i._ZN14ModbusSlave2326updateEPij  modbusslave232.o
    0x08006e18   0x00000050   Code   RO         1280    i._ZN14ModbusSlave2329configureEhlc  modbusslave232.o
    0x08006e68   0x00000018   Code   RO         1071    i._ZN3AjK18MODSERIAL_callbackC1Ev  modserial.o
    0x08006e80   0x00000002   Code   RO         1220    i._ZN3AjK9MODSERIAL10initDeviceEv  modserial_nucleo_f401re.o
    0x08006e82   0x0000000e   Code   RO          982    i._ZN3AjK9MODSERIAL13rxBufferEmptyEv  modserial.o
    0x08006e90   0x00000158   Code   RO          855    i._ZN3AjK9MODSERIAL4initEii7PinName  init.o
    0x08006fe8   0x00000094   Code   RO          831    i._ZN3AjK9MODSERIAL6__getcEb  getc.o
    0x0800707c   0x00000112   Code   RO         1136    i._ZN3AjK9MODSERIAL6__putcEib  putc.o
    0x0800718e   0x00000002   PAD
    0x08007190   0x000001bc   Code   RO          927    i._ZN3AjK9MODSERIAL6isr_rxEv  isr_rx.o
    0x0800734c   0x00000166   Code   RO          956    i._ZN3AjK9MODSERIAL6isr_txEb  isr_tx.o
    0x080074b2   0x00000006   Code   RO          880    i._ZN3AjK9MODSERIAL6isr_txEv  init.o
    0x080074b8   0x00000038   Code   RO         1221    i._ZN3AjK9MODSERIAL7setBaseEv  modserial_nucleo_f401re.o
    0x080074f0   0x00000044   Code   RO          986    i._ZN3AjK9MODSERIALC1E7PinNameS1_PKc  modserial.o
    0x08007534   0x00000054   Code   RO          990    i._ZN3AjK9MODSERIALD1Ev  modserial.o
    0x08007588   0x00000006   Code   RO            6    i._ZN3DHT12ReadHumidityEv  dht.o
    0x0800758e   0x00000002   PAD
    0x08007590   0x00000058   Code   RO            8    i._ZN3DHT15ReadTemperatureE6eScale  dht.o
    0x080075e8   0x00000320   Code   RO           12    i._ZN3DHT8readDataEv  dht.o
    0x08007908   0x0000000a   Code   RO           13    i._ZN3DHTC1E7PinNamei  dht.o
    0x08007912   0x00000002   Code   RO           14    i._ZN3DHTD1Ev       dht.o
    0x08007914   0x0000003c   Code   RO         2493    i._ZN4mbed10FileHandle4flenEv  retarget.o
    0x08007950   0x00000030   Code   RO         2384    i._ZN4mbed10FileHandleD2Ev  retarget.o
    0x08007980   0x00000006   Code   RO         4892    i._ZN4mbed10SerialBase10_base_getcEv  mbed.ar(SerialBase.o)
    0x08007986   0x0000000e   Code   RO         4893    i._ZN4mbed10SerialBase10_base_putcEi  mbed.ar(SerialBase.o)
    0x08007994   0x0000002a   Code   RO         4895    i._ZN4mbed10SerialBase12_irq_handlerEj9SerialIrq  mbed.ar(SerialBase.o)
    0x080079be   0x00000010   Code   RO         4897    i._ZN4mbed10SerialBase4baudEi  mbed.ar(SerialBase.o)
    0x080079ce   0x00000006   Code   RO         4899    i._ZN4mbed10SerialBase6formatEiNS0_6ParityEi  mbed.ar(SerialBase.o)
    0x080079d4   0x00000068   Code   RO         4902    i._ZN4mbed10SerialBaseC1E7PinNameS1_  mbed.ar(SerialBase.o)
    0x08007a3c   0x00000006   Code   RO         5037    i._ZN4mbed10TimerEvent3irqEj  mbed.ar(TimerEvent.o)
    0x08007a42   0x00000010   Code   RO         5038    i._ZN4mbed10TimerEvent6insertEj  mbed.ar(TimerEvent.o)
    0x08007a52   0x0000000a   Code   RO         5039    i._ZN4mbed10TimerEvent6removeEv  mbed.ar(TimerEvent.o)
    0x08007a5c   0x00000028   Code   RO         5041    i._ZN4mbed10TimerEventC2Ev  mbed.ar(TimerEvent.o)
    0x08007a84   0x00000018   Code   RO         5043    i._ZN4mbed10TimerEventD2Ev  mbed.ar(TimerEvent.o)
    0x08007a9c   0x00000042   Code   RO         4804    i._ZN4mbed11InterruptIn12_irq_handlerEj14gpio_irq_event  mbed.ar(InterruptIn.o)
    0x08007ade   0x00000022   Code   RO         4805    i._ZN4mbed11InterruptIn4fallEPFvvE  mbed.ar(InterruptIn.o)
    0x08007b00   0x00000044   Code   RO         4807    i._ZN4mbed11InterruptIn4readEv  mbed.ar(InterruptIn.o)
    0x08007b44   0x00000044   Code   RO         4809    i._ZN4mbed11InterruptInC1E7PinName  mbed.ar(InterruptIn.o)
    0x08007b88   0x00000020   Code   RO         4810    i._ZN4mbed11InterruptInD0Ev  mbed.ar(InterruptIn.o)
    0x08007ba8   0x00000006   Code   RO         2385    i._ZN4mbed26mbed_set_unbuffered_streamEPSt6__FILE  retarget.o
    0x08007bae   0x00000002   PAD
    0x08007bb0   0x00000048   Code   RO         4769    i._ZN4mbed3I2C4readEiPcib  mbed.ar(I2C.o)
    0x08007bf8   0x00000048   Code   RO         4773    i._ZN4mbed3I2C5writeEiPKcib  mbed.ar(I2C.o)
    0x08007c40   0x00000014   Code   RO         4775    i._ZN4mbed3I2C9frequencyEi  mbed.ar(I2C.o)
    0x08007c54   0x00000024   Code   RO         4776    i._ZN4mbed3I2CC1E7PinNameS1_  mbed.ar(I2C.o)
    0x08007c78   0x00000024   Code   RO         4848    i._ZN4mbed6SerialC1E7PinNameS1_PKc  mbed.ar(Serial.o)
    0x08007c9c   0x00000004   Code   RO         4963    i._ZN4mbed6Stream4flenEv  mbed.ar(Stream.o)
    0x08007ca0   0x00000018   Code   RO         4966    i._ZN4mbed6Stream4putcEi  mbed.ar(Stream.o)
    0x08007cb8   0x0000002c   Code   RO         4968    i._ZN4mbed6Stream4readEPvj  mbed.ar(Stream.o)
    0x08007ce4   0x00000004   Code   RO         4969    i._ZN4mbed6Stream5closeEv  mbed.ar(Stream.o)
    0x08007ce8   0x00000004   Code   RO         4971    i._ZN4mbed6Stream5lseekEli  mbed.ar(Stream.o)
    0x08007cec   0x0000001e   Code   RO         4972    i._ZN4mbed6Stream5scanfEPKcz  mbed.ar(Stream.o)
    0x08007d0a   0x0000002c   Code   RO         4973    i._ZN4mbed6Stream5writeEPKvj  mbed.ar(Stream.o)
    0x08007d36   0x00000004   Code   RO         4974    i._ZN4mbed6Stream6isattyEv  mbed.ar(Stream.o)
    0x08007d3a   0x0000001e   Code   RO         4975    i._ZN4mbed6Stream6printfEPKcz  mbed.ar(Stream.o)
    0x08007d58   0x00000040   Code   RO         4978    i._ZN4mbed6StreamC2EPKc  mbed.ar(Stream.o)
    0x08007d98   0x00000020   Code   RO         4980    i._ZN4mbed6StreamD2Ev  mbed.ar(Stream.o)
    0x08007db8   0x00000020   Code   RO         4941    i._ZN4mbed6Ticker5setupEj  mbed.ar(Ticker.o)
    0x08007dd8   0x00000010   Code   RO         4942    i._ZN4mbed6Ticker6detachEv  mbed.ar(Ticker.o)
    0x08007de8   0x00000034   Code   RO         4943    i._ZN4mbed6Ticker7handlerEv  mbed.ar(Ticker.o)
    0x08007e1c   0x0000001c   Code   RO         2054    i._ZN4mbed6TickerD1Ev  main.o
    0x08007e38   0x00000004   Code   RO         5221    i._ZN4mbed8FileBase11getPathTypeEv  mbed.ar(FileBase.o)
    0x08007e3c   0x00000038   Code   RO         5223    i._ZN4mbed8FileBase6lookupEPKcj  mbed.ar(FileBase.o)
    0x08007e74   0x00000024   Code   RO         5225    i._ZN4mbed8FileBaseC1EPKcNS_8PathTypeE  mbed.ar(FileBase.o)
    0x08007e98   0x00000038   Code   RO         5227    i._ZN4mbed8FileBaseD1Ev  mbed.ar(FileBase.o)
    0x08007ed0   0x00000024   Code   RO         5253    i._ZN4mbed8FileLikeC2EPKc  mbed.ar(FileLike.o)
    0x08007ef4   0x00000012   Code   RO         5255    i._ZN4mbed8FileLikeD2Ev  mbed.ar(FileLike.o)
    0x08007f06   0x00000018   Code   RO         4679    i._ZN4mbed8FilePath10fileSystemEv  mbed.ar(FilePath.o)
    0x08007f1e   0x0000001c   Code   RO         4681    i._ZN4mbed8FilePath4fileEv  mbed.ar(FilePath.o)
    0x08007f3a   0x0000000a   Code   RO         4682    i._ZN4mbed8FilePath6existsEv  mbed.ar(FilePath.o)
    0x08007f44   0x00000018   Code   RO         4683    i._ZN4mbed8FilePath6isFileEv  mbed.ar(FilePath.o)
    0x08007f5c   0x00000004   Code   RO         4684    i._ZN4mbed8FilePath8fileNameEv  mbed.ar(FilePath.o)
    0x08007f60   0x00000040   Code   RO         4685    i._ZN4mbed8FilePathC1EPKc  mbed.ar(FilePath.o)
    0x08007fa0   0x000000f8   Code   RO          522    i._ZN6DS182011temperatureEc  ds1820.o
    0x08008098   0x00000090   Code   RO          524    i._ZN6DS182013onewire_resetEv  ds1820.o
    0x08008128   0x00000094   Code   RO          525    i._ZN6DS182014onewire_bit_inEv  ds1820.o
    0x080081bc   0x00000090   Code   RO          529    i._ZN6DS182016onewire_byte_outEc  ds1820.o
    0x0800824c   0x000000b8   Code   RO          538    i._ZN6DS182019convert_temperatureENS_7devicesE  ds1820.o
    0x08008304   0x00000070   Code   RO          539    i._ZN6DS182022set_configuration_bitsEj  ds1820.o
    0x08008374   0x00000054   Code   RO          541    i._ZN6DS18208read_RAMEv  ds1820.o
    0x080083c8   0x0000003c   Code   RO          545    i._ZN6DS1820C1E7PinName  ds1820.o
    0x08008404   0x00000008   Code   RO         1092    i._ZThn92_N3AjK9MODSERIAL5_getcEv  modserial.o
    0x0800840c   0x00000008   Code   RO         1083    i._ZThn92_N3AjK9MODSERIAL5_putcEi  modserial.o
    0x08008414   0x00000006   Code   RO         4849    i._ZThn92_N4mbed6Serial5_getcEv  mbed.ar(Serial.o)
    0x0800841a   0x00000006   Code   RO         4850    i._ZThn92_N4mbed6Serial5_putcEi  mbed.ar(Serial.o)
    0x08008420   0x00000008   Code   RO         5516    i._ZdlPv            cpprt_w.l(delete.o)
    0x08008428   0x00000028   Code   RO         5519    i._Znwj             cpprt_w.l(new.o)
    0x08008450   0x0000000a   Code   RO          693    i.__ARM_common_memclr4_9  ds1820.o
    0x0800845a   0x00000010   Code   RO          696    i.__ARM_common_memset4_8  ds1820.o
    0x0800846a   0x00000030   Code   RO         6010    i.__ARM_fpclassify  m_wm.l(fpclassify.o)
    0x0800849a   0x00000024   Code   RO         5632    i.__aeabi_vec_ctor_nocookie_nodtor  cpprt_w.l(aeabi_vec_ctor_nocookie_nodtor.o)
    0x080084be   0x00000006   Code   RO         5523    i.__cxa_pure_virtual  cpprt_w.l(pure_virt.o)
    0x080084c4   0x00000004   PAD
    0x080084c8   0x000000d0   Code   RO         6347    i.__hardfp_ldexp    m_wm.l(ldexp.o)
    0x08008598   0x00000c50   Code   RO         5719    i.__hardfp_pow      m_wm.l(pow.o)
    0x080091e8   0x000000f8   Code   RO         6028    i.__kernel_poly     m_wm.l(poly.o)
    0x080092e0   0x00000030   Code   RO         5996    i.__mathlib_dbl_divzero  m_wm.l(dunder.o)
    0x08009310   0x00000014   Code   RO         5998    i.__mathlib_dbl_infnan2  m_wm.l(dunder.o)
    0x08009324   0x00000004   PAD
    0x08009328   0x00000020   Code   RO         5999    i.__mathlib_dbl_invalid  m_wm.l(dunder.o)
    0x08009348   0x00000020   Code   RO         6000    i.__mathlib_dbl_overflow  m_wm.l(dunder.o)
    0x08009368   0x00000020   Code   RO         6002    i.__mathlib_dbl_underflow  m_wm.l(dunder.o)
    0x08009388   0x000000b8   Code   RO         6294    i.__mathlib_narrow  m_wm.l(narrow.o)
    0x08009440   0x00000030   Code   RO         4460    i.__sti___10_millis_cpp_d9fd33a2  millis.o
    0x08009470   0x0000001c   Code   RO         1811    i.__sti___17_SoftSerial_rx_cpp_a7af12b1  softserial_rx.o
    0x0800948c   0x00000028   Code   RO         1281    i.__sti___18_ModbusSlave232_cpp_pc  modbusslave232.o
    0x080094b4   0x0000019c   Code   RO         2010    i.__sti___8_main_cpp_led1  main.o
    0x08009650   0x00000014   Code   RO         6349    i.__support_ldexp   m_wm.l(ldexp.o)
    0x08009664   0x00000010   Code   RO         4431    i.__user_setup_stackheap  sys.o
    0x08009674   0x0000000e   Code   RO         5418    i._is_digit         c_w.l(__printf_wp.o)
    0x08009682   0x00000002   PAD
    0x08009684   0x0000002c   Code   RO         2388    i._sys_close        retarget.o
    0x080096b0   0x00000028   Code   RO         2391    i._sys_flen         retarget.o
    0x080096d8   0x00000028   Code   RO         2392    i._sys_istty        retarget.o
    0x08009700   0x00000134   Code   RO         2393    i._sys_open         retarget.o
    0x08009834   0x00000054   Code   RO         2394    i._sys_read         retarget.o
    0x08009888   0x00000028   Code   RO         2395    i._sys_seek         retarget.o
    0x080098b0   0x00000060   Code   RO         2396    i._sys_write        retarget.o
    0x08009910   0x000000a0   Code   RO         4550    i.adc_read          mbed.ar(analogin_api.o)
    0x080099b0   0x00000110   Code   RO         4551    i.analogin_init     mbed.ar(analogin_api.o)
    0x08009ac0   0x0000001c   Code   RO         4552    i.analogin_read     mbed.ar(analogin_api.o)
    0x08009adc   0x00000018   Code   RO         5069    i.error             mbed.ar(error.o)
    0x08009af4   0x00000020   Code   RO         2398    i.exit              retarget.o
    0x08009b14   0x00000018   Code   RO         5661    i.fabs              m_wm.l(fabs.o)
    0x08009b2c   0x00000018   Code   RO         5442    i.fgetc             c_w.l(fgetc.o)
    0x08009b44   0x0000001a   Code   RO         5448    i.fputc             c_w.l(fputc.o)
    0x08009b5e   0x00000002   PAD
    0x08009b60   0x0000008c   Code   RO         6329    i.frexp             m_wm.l(frexp.o)
    0x08009bec   0x00000008   Code   RO         5109    i.get_us_ticker_data  mbed.ar(us_ticker_api.o)
    0x08009bf4   0x00000054   Code   RO         4567    i.gpio_dir          mbed.ar(gpio_api.o)
    0x08009c48   0x0000003a   Code   RO         4568    i.gpio_init         mbed.ar(gpio_api.o)
    0x08009c82   0x00000028   Code   RO         5077    i.gpio_init_in      mbed.ar(gpio.o)
    0x08009caa   0x00000002   PAD
    0x08009cac   0x0000004c   Code   RO         5080    i.gpio_init_out     mbed.ar(gpio.o)
    0x08009cf8   0x0000006c   Code   RO         5081    i.gpio_init_out_ex  mbed.ar(gpio.o)
    0x08009d64   0x00000008   Code   RO         4582    i.gpio_irq0         mbed.ar(gpio_irq_api.o)
    0x08009d6c   0x00000008   Code   RO         4583    i.gpio_irq1         mbed.ar(gpio_irq_api.o)
    0x08009d74   0x00000008   Code   RO         4584    i.gpio_irq2         mbed.ar(gpio_irq_api.o)
    0x08009d7c   0x00000008   Code   RO         4585    i.gpio_irq3         mbed.ar(gpio_irq_api.o)
    0x08009d84   0x00000008   Code   RO         4586    i.gpio_irq4         mbed.ar(gpio_irq_api.o)
    0x08009d8c   0x00000008   Code   RO         4587    i.gpio_irq5         mbed.ar(gpio_irq_api.o)
    0x08009d94   0x00000008   Code   RO         4588    i.gpio_irq6         mbed.ar(gpio_irq_api.o)
    0x08009d9c   0x0000004c   Code   RO         4591    i.gpio_irq_free     mbed.ar(gpio_irq_api.o)
    0x08009de8   0x00000144   Code   RO         4592    i.gpio_irq_init     mbed.ar(gpio_irq_api.o)
    0x08009f2c   0x00000072   Code   RO         4593    i.gpio_irq_set      mbed.ar(gpio_irq_api.o)
    0x08009f9e   0x00000008   Code   RO         4569    i.gpio_mode         mbed.ar(gpio_api.o)
    0x08009fa6   0x00000002   PAD
    0x08009fa8   0x00000080   Code   RO         4594    i.handle_interrupt_in  mbed.ar(gpio_irq_api.o)
    0x0800a028   0x0000008c   Code   RO         5154    i.i2c_frequency     mbed.ar(i2c_api.o)
    0x0800a0b4   0x000001f4   Code   RO         5155    i.i2c_init          mbed.ar(i2c_api.o)
    0x0800a2a8   0x0000014c   Code   RO         5156    i.i2c_read          mbed.ar(i2c_api.o)
    0x0800a3f4   0x00000134   Code   RO         5163    i.i2c_write         mbed.ar(i2c_api.o)
    0x0800a528   0x000003ec   Code   RO         2011    i.main              main.o
    0x0800a914   0x00000040   Code   RO         5032    i.mbed_assert_internal  mbed.ar(assert.o)
    0x0800a954   0x0000006c   Code   RO         2341    i.mbed_die          board.o
    0x0800a9c0   0x00000002   Code   RO         2399    i.mbed_main         retarget.o
    0x0800a9c2   0x0000000e   Code   RO         2373    i.mbed_sdk_init     mbed_overrides.o
    0x0800a9d0   0x0000006c   Code   RO         5191    i.pin_function      mbed.ar(pinmap.o)
    0x0800aa3c   0x00000058   Code   RO         5192    i.pin_mode          mbed.ar(pinmap.o)
    0x0800aa94   0x00000060   Code   RO         5280    i.pinmap_function   mbed.ar(pinmap_common.o)
    0x0800aaf4   0x0000003c   Code   RO         5281    i.pinmap_merge      mbed.ar(pinmap_common.o)
    0x0800ab30   0x00000060   Code   RO         5282    i.pinmap_peripheral  mbed.ar(pinmap_common.o)
    0x0800ab90   0x0000005c   Code   RO         5283    i.pinmap_pinout     mbed.ar(pinmap_common.o)
    0x0800abec   0x000000e0   Code   RO         5205    i.rtc_init          mbed.ar(rtc_api.o)
    0x0800accc   0x00000014   Code   RO         5206    i.rtc_isenabled     mbed.ar(rtc_api.o)
    0x0800ace0   0x00000060   Code   RO         5207    i.rtc_read          mbed.ar(rtc_api.o)
    0x0800ad40   0x0000006c   Code   RO         5208    i.rtc_write         mbed.ar(rtc_api.o)
    0x0800adac   0x00000040   Code   RO         4616    i.serial_baud       mbed.ar(serial_api.o)
    0x0800adec   0x00000094   Code   RO         4620    i.serial_format     mbed.ar(serial_api.o)
    0x0800ae80   0x00000020   Code   RO         4622    i.serial_getc       mbed.ar(serial_api.o)
    0x0800aea0   0x000001f4   Code   RO         4623    i.serial_init       mbed.ar(serial_api.o)
    0x0800b094   0x00000018   Code   RO         4624    i.serial_irq_handler  mbed.ar(serial_api.o)
    0x0800b0ac   0x000000d8   Code   RO         4625    i.serial_irq_set    mbed.ar(serial_api.o)
    0x0800b184   0x00000024   Code   RO         4627    i.serial_putc       mbed.ar(serial_api.o)
    0x0800b1a8   0x0000006e   Code   RO         6033    i.sqrt              m_wm.l(sqrt.o)
    0x0800b216   0x0000003e   Code   RO         5297    i.ticker_insert_event  mbed.ar(ticker_api.o)
    0x0800b254   0x0000004e   Code   RO         5298    i.ticker_irq_handler  mbed.ar(ticker_api.o)
    0x0800b2a2   0x00000006   Code   RO         5299    i.ticker_read       mbed.ar(ticker_api.o)
    0x0800b2a8   0x0000003c   Code   RO         5300    i.ticker_remove_event  mbed.ar(ticker_api.o)
    0x0800b2e4   0x00000012   Code   RO         5301    i.ticker_set_handler  mbed.ar(ticker_api.o)
    0x0800b2f6   0x00000002   PAD
    0x0800b2f8   0x0000003c   Code   RO         5097    i.time              mbed.ar(rtc_time.o)
    0x0800b334   0x00000054   Code   RO         2361    i.timer_irq_handler  hal_tick.o
    0x0800b388   0x0000005c   Code   RO         4631    i.uart1_irq         mbed.ar(serial_api.o)
    0x0800b3e4   0x0000005c   Code   RO         4632    i.uart2_irq         mbed.ar(serial_api.o)
    0x0800b440   0x0000005c   Code   RO         4633    i.uart6_irq         mbed.ar(serial_api.o)
    0x0800b49c   0x00000010   Code   RO         4661    i.us_ticker_clear_interrupt  mbed.ar(us_ticker.o)
    0x0800b4ac   0x00000014   Code   RO         4662    i.us_ticker_disable_interrupt  mbed.ar(us_ticker.o)
    0x0800b4c0   0x00000028   Code   RO         4663    i.us_ticker_init    mbed.ar(us_ticker.o)
    0x0800b4e8   0x0000000c   Code   RO         5110    i.us_ticker_irq_handler  mbed.ar(us_ticker_api.o)
    0x0800b4f4   0x00000030   Code   RO         4664    i.us_ticker_read    mbed.ar(us_ticker.o)
    0x0800b524   0x00000014   Code   RO         4665    i.us_ticker_set_interrupt  mbed.ar(us_ticker.o)
    0x0800b538   0x0000001c   Code   RO         5123    i.wait_ms           mbed.ar(wait_api.o)
    0x0800b554   0x00000018   Code   RO         5124    i.wait_us           mbed.ar(wait_api.o)
    0x0800b56c   0x0000002c   Code   RO         6247    locale$$code        c_w.l(lc_numeric_c.o)
    0x0800b598   0x0000002c   Code   RO         6315    locale$$code        c_w.l(lc_ctype_c.o)
    0x0800b5c4   0x00000014   Code   RO         1691    t._ZN4mbed19FunctionPointerArg1IvvE12membercallerI10SoftSerialEEvPvPj  softserial.o
    0x0800b5d8   0x00000014   Code   RO          874    t._ZN4mbed19FunctionPointerArg1IvvE12membercallerIN3AjK9MODSERIALEEEvPvPj  init.o
    0x0800b5ec   0x00000018   Code   RO         5965    x$fpl$basic         fz_wm.l(basic.o)
    0x0800b604   0x00000062   Code   RO         5635    x$fpl$d2f           fz_wm.l(d2f.o)
    0x0800b666   0x00000002   PAD
    0x0800b668   0x00000150   Code   RO         5637    x$fpl$dadd          fz_wm.l(daddsub_clz.o)
    0x0800b7b8   0x00000010   Code   RO         6195    x$fpl$dcheck1       fz_wm.l(dcheck1.o)
    0x0800b7c8   0x00000018   Code   RO         5967    x$fpl$dcmpinf       fz_wm.l(dcmpi.o)
    0x0800b7e0   0x000002b0   Code   RO         5644    x$fpl$ddiv          fz_wm.l(ddiv.o)
    0x0800ba90   0x00000078   Code   RO         5969    x$fpl$deqf          fz_wm.l(deqf.o)
    0x0800bb08   0x0000002e   Code   RO         5648    x$fpl$dflt          fz_wm.l(dflt_clz.o)
    0x0800bb36   0x00000002   PAD
    0x0800bb38   0x00000078   Code   RO         5653    x$fpl$dleqf         fz_wm.l(dleqf.o)
    0x0800bbb0   0x00000154   Code   RO         5655    x$fpl$dmul          fz_wm.l(dmul.o)
    0x0800bd04   0x0000009c   Code   RO         5971    x$fpl$dnaninf       fz_wm.l(dnaninf.o)
    0x0800bda0   0x0000000c   Code   RO         5973    x$fpl$dretinf       fz_wm.l(dretinf.o)
    0x0800bdac   0x0000006c   Code   RO         5975    x$fpl$drleqf        fz_wm.l(drleqf.o)
    0x0800be18   0x00000016   Code   RO         5638    x$fpl$drsb          fz_wm.l(daddsub_clz.o)
    0x0800be2e   0x00000002   PAD
    0x0800be30   0x00000198   Code   RO         6197    x$fpl$dsqrt         fz_wm.l(dsqrt_umaal.o)
    0x0800bfc8   0x000001d4   Code   RO         5639    x$fpl$dsub          fz_wm.l(daddsub_clz.o)
    0x0800c19c   0x00000056   Code   RO         5657    x$fpl$f2d           fz_wm.l(f2d.o)
    0x0800c1f2   0x0000008c   Code   RO         5977    x$fpl$fnaninf       fz_wm.l(fnaninf.o)
    0x0800c27e   0x0000000a   Code   RO         6199    x$fpl$fpinit        fz_wm.l(fpinit.o)
    0x0800c288   0x0000000a   Code   RO         5979    x$fpl$fretinf       fz_wm.l(fretinf.o)
    0x0800c292   0x00000004   Code   RO         5983    x$fpl$printf1       fz_wm.l(printf1.o)
    0x0800c296   0x00000004   Code   RO         5985    x$fpl$printf2       fz_wm.l(printf2.o)
    0x0800c29a   0x00000064   Code   RO         6285    x$fpl$retnan        fz_wm.l(retnan.o)
    0x0800c2fe   0x0000005c   Code   RO         5991    x$fpl$scalbn        fz_wm.l(scalbn.o)
    0x0800c35a   0x00000004   Code   RO         5993    x$fpl$scanf1        fz_wm.l(scanf1.o)
    0x0800c35e   0x00000008   Code   RO         6287    x$fpl$scanf2        fz_wm.l(scanf2.o)
    0x0800c366   0x00000030   Code   RO         6325    x$fpl$trapveneer    fz_wm.l(trapv.o)
    0x0800c396   0x00000000   Code   RO         5995    x$fpl$usenofp       fz_wm.l(usenofp.o)
    0x0800c396   0x00000002   PAD
    0x0800c398   0x00000010   Data   RO          857    .constdata          init.o
    0x0800c3a8   0x00000008   Data   RO         1010    .constdata          modserial.o
    0x0800c3b0   0x00000018   Data   RO         1651    .constdata          softserial.o
    0x0800c3c8   0x00000008   Data   RO         1817    .constdata          softserial_rx.o
    0x0800c3d0   0x00000017   Data   RO         2441    .constdata          retarget.o
    0x0800c3e7   0x00000010   Data   RO         3458    .constdata          stm32f4xx_hal_rcc.o
    0x0800c3f7   0x00000010   Data   RO         4442    .constdata          system_stm32f4xx.o
    0x0800c407   0x00000001   PAD
    0x0800c408   0x00000014   Data   RO         5111    .constdata          mbed.ar(us_ticker_api.o)
    0x0800c41c   0x00000008   Data   RO         5112    .constdata          mbed.ar(us_ticker_api.o)
    0x0800c424   0x000000cc   Data   RO         5134    .constdata          mbed.ar(PeripheralPins.o)
    0x0800c4f0   0x00000048   Data   RO         5135    .constdata          mbed.ar(PeripheralPins.o)
    0x0800c538   0x0000003c   Data   RO         5136    .constdata          mbed.ar(PeripheralPins.o)
    0x0800c574   0x00000048   Data   RO         5138    .constdata          mbed.ar(PeripheralPins.o)
    0x0800c5bc   0x00000048   Data   RO         5139    .constdata          mbed.ar(PeripheralPins.o)
    0x0800c604   0x00000034   Data   RO         5193    .constdata          mbed.ar(pinmap.o)
    0x0800c638   0x00000028   Data   RO         5406    .constdata          c_w.l(_printf_hex_int_ll_ptr.o)
    0x0800c660   0x00000011   Data   RO         5426    .constdata          c_w.l(__printf_flags_ss_wp.o)
    0x0800c671   0x00000007   PAD
    0x0800c678   0x00000088   Data   RO         5722    .constdata          m_wm.l(pow.o)
    0x0800c700   0x00000008   Data   RO         5806    .constdata          c_w.l(_printf_wctomb.o)
    0x0800c708   0x0000000c   Data   RO         5879    .constdata          c_w.l(_monlen.o)
    0x0800c714   0x00000004   PAD
    0x0800c718   0x00000008   Data   RO         6030    .constdata          m_wm.l(qnan.o)
    0x0800c720   0x00000026   Data   RO         6083    .constdata          c_w.l(_printf_fp_hex.o)
    0x0800c746   0x00000002   PAD
    0x0800c748   0x00000094   Data   RO         6220    .constdata          c_w.l(bigflt0.o)
    0x0800c7dc   0x00000014   Data   RO         1698    .constdata__ZTV10FlexTicker  softserial.o
    0x0800c7f0   0x00000044   Data   RO         1690    .constdata__ZTV10SoftSerial  softserial.o
    0x0800c834   0x0000005c   Data   RO         1070    .constdata__ZTVN3AjK9MODSERIALE  modserial.o
    0x0800c890   0x0000002c   Data   RO         2492    .constdata__ZTVN4mbed10FileHandleE  retarget.o
    0x0800c8bc   0x00000010   Data   RO         4931    .constdata__ZTVN4mbed10SerialBaseE  mbed.ar(SerialBase.o)
    0x0800c8cc   0x00000014   Data   RO         5063    .constdata__ZTVN4mbed10TimerEventE  mbed.ar(TimerEvent.o)
    0x0800c8e0   0x00000010   Data   RO         4840    .constdata__ZTVN4mbed11InterruptInE  mbed.ar(InterruptIn.o)
    0x0800c8f0   0x0000005c   Data   RO         4865    .constdata__ZTVN4mbed6SerialE  mbed.ar(Serial.o)
    0x0800c94c   0x00000044   Data   RO         5029    .constdata__ZTVN4mbed6StreamE  mbed.ar(Stream.o)
    0x0800c990   0x00000014   Data   RO         4954    .constdata__ZTVN4mbed6TickerE  mbed.ar(Ticker.o)
    0x0800c9a4   0x00000010   Data   RO         5247    .constdata__ZTVN4mbed8FileBaseE  mbed.ar(FileBase.o)
    0x0800c9b4   0x0000003c   Data   RO         5272    .constdata__ZTVN4mbed8FileLikeE  mbed.ar(FileLike.o)
    0x0800c9f0   0x00000042   Data   RO           26    .conststring        dht.o
    0x0800ca32   0x00000002   PAD
    0x0800ca34   0x00000073   Data   RO         2342    .conststring        board.o
    0x0800caa7   0x00000001   PAD
    0x0800caa8   0x00000063   Data   RO         4555    .conststring        mbed.ar(analogin_api.o)
    0x0800cb0b   0x00000001   PAD
    0x0800cb0c   0x0000005f   Data   RO         4571    .conststring        mbed.ar(gpio_api.o)
    0x0800cb6b   0x00000001   PAD
    0x0800cb6c   0x00000061   Data   RO         4635    .conststring        mbed.ar(serial_api.o)
    0x0800cbcd   0x00000003   PAD
    0x0800cbd0   0x0000005e   Data   RO         5165    .conststring        mbed.ar(i2c_api.o)
    0x0800cc2e   0x00000002   PAD
    0x0800cc30   0x0000005d   Data   RO         5194    .conststring        mbed.ar(pinmap.o)
    0x0800cc8d   0x00000003   PAD
    0x0800cc90   0x00000020   Data   RO         6363    Region$$Table       anon$$obj.o
    0x0800ccb0   0x00000008   Data   RO         6282    c$$dinf             fz_wm.l(fpconst.o)
    0x0800ccb8   0x0000001c   Data   RO         6246    locale$$data        c_w.l(lc_numeric_c.o)
    0x0800ccd4   0x00000110   Data   RO         6314    locale$$data        c_w.l(lc_ctype_c.o)
    0x0800cde4   0x00000004   Data   RO         1302    .init_array         modbusslave232.o
    0x0800cde8   0x00000004   Data   RO         1819    .init_array         softserial_rx.o
    0x0800cdec   0x00000004   Data   RO         2020    .init_array         main.o
    0x0800cdf0   0x00000004   Data   RO         4469    .init_array         millis.o
    0x0800cdf4   0x00000000   Data   RO         5507    .init_array         c_w.l(init_aeabi.o)


    Execution Region RW_IRAM1 (Base: 0x20000194, Size: 0x00000ba4, Max: 0x00017e6c, ABSOLUTE)

    Base Addr    Size         Type   Attr      Idx    E Section Name        Object

    0x20000194   0x00000008   Data   RW         1301    .data               modbusslave232.o
    0x2000019c   0x00000004   Data   RW         1818    .data               softserial_rx.o
    0x200001a0   0x0000001c   Data   RW         2019    .data               main.o
    0x200001bc   0x00000004   Data   RW         2363    .data               hal_tick.o
    0x200001c0   0x00000004   Data   RW         2526    .data               stm32f4xx_hal.o
    0x200001c4   0x00000004   Data   RW         4443    .data               system_stm32f4xx.o
    0x200001c8   0x00000004   Data   RW         4468    .data               millis.o
    0x200001cc   0x00000004   Data   RW         4556    .data               mbed.ar(analogin_api.o)
    0x200001d0   0x00000044   Data   RW         4596    .data               mbed.ar(gpio_irq_api.o)
    0x20000214   0x00000008   Data   RW         4636    .data               mbed.ar(serial_api.o)
    0x2000021c   0x00000004   Data   RW         4667    .data               mbed.ar(us_ticker.o)
    0x20000220   0x00000004   Data   RW         4786    .data               mbed.ar(I2C.o)
    0x20000224   0x00000010   Data   RW         5098    .data               mbed.ar(rtc_time.o)
    0x20000234   0x00000008   Data   RW         5113    .data               mbed.ar(us_ticker_api.o)
    0x2000023c   0x0000000c   Data   RW         5166    .data               mbed.ar(i2c_api.o)
    0x20000248   0x00000004   Data   RW         5235    .data               mbed.ar(FileBase.o)
    0x2000024c   0x00000004   Data   RW         5462    .data               c_w.l(stdio_streams.o)
    0x20000250   0x00000004   Data   RW         5463    .data               c_w.l(stdio_streams.o)
    0x20000254   0x00000004   Data   RW         5464    .data               c_w.l(stdio_streams.o)
    0x20000258   0x00000004   Data   RW         6144    .data               c_w.l(heapauxa.o)
    0x2000025c   0x00000118   Zero   RW         1299    .bss                modbusslave232.o
    0x20000374   0x00000294   Zero   RW         2017    .bss                main.o
    0x20000608   0x0000003c   Zero   RW         2362    .bss                hal_tick.o
    0x20000644   0x00000040   Zero   RW         2440    .bss                retarget.o
    0x20000684   0x00000030   Zero   RW         4467    .bss                millis.o
    0x200006b4   0x00000044   Zero   RW         4554    .bss                mbed.ar(analogin_api.o)
    0x200006f8   0x00000214   Zero   RW         4595    .bss                mbed.ar(gpio_irq_api.o)
    0x2000090c   0x00000244   Zero   RW         4634    .bss                mbed.ar(serial_api.o)
    0x20000b50   0x0000003c   Zero   RW         4666    .bss                mbed.ar(us_ticker.o)
    0x20000b8c   0x0000003c   Zero   RW         5164    .bss                mbed.ar(i2c_api.o)
    0x20000bc8   0x00000020   Zero   RW         5209    .bss                mbed.ar(rtc_api.o)
    0x20000be8   0x00000054   Zero   RW         5459    .bss                c_w.l(stdio_streams.o)
    0x20000c3c   0x00000054   Zero   RW         5460    .bss                c_w.l(stdio_streams.o)
    0x20000c90   0x00000054   Zero   RW         5461    .bss                c_w.l(stdio_streams.o)
    0x20000ce4   0x0000002c   Zero   RW         5500    .bss                c_w.l(localtime.o)
    0x20000d10   0x00000004   Zero   RW         5751    .bss                c_w.l(rt_heap_descriptor.o)
    0x20000d14   0x00000004   Zero   RW         5756    .bss                c_w.l(rt_new_handler_addr.o)
    0x20000d18   0x00000004   Zero   RW         5761    .bss                c_w.l(rt_ddtor_pointer_addr.o)
    0x20000d1c   0x00000004   Zero   RW         6064    .bss                c_w.l(rt_errno_addr.o)
    0x20000d20   0x00000014   Zero   RW         6206    .bss                c_w.l(rt_locale.o)
    0x20000d34   0x00000004   Zero   RW         6211    .bss                c_w.l(rt_eh_globals_addr.o)


==============================================================================

Image component sizes


      Code (inc. data)   RO Data    RW Data    ZI Data      Debug   Object Name

       108         28        115          0          0        124   board.o
        52          4          0          0          0        132   cmsis_nvic.o
       906         52         66          0          0     171152   dht.o
      1150         86          0          0          0      16124   ds1820.o
         0          0          0          0          0       6276   flush.o
       148          0          0          0          0        804   getc.o
       264         44          0          4         60        256   hal_tick.o
       370         58         16          0          0      36971   init.o
       444          0          0          0          0       5980   isr_rx.o
       358          0          0          0          0       1196   isr_tx.o
      2044        330          4         28        660      24400   main.o
        14          0          0          0          0        128   mbed_overrides.o
       104         40          4          4         48       5093   millis.o
      1176         38          4          8        280     167860   modbusslave232.o
       206         22        100          0          0      34595   modserial.o
        58         12          0          0          0       5572   modserial_nucleo_f401re.o
       274          0          0          0          0       1056   putc.o
       818         94         67          0         64       1620   retarget.o
       504         64        112          0          0      17172   softserial.o
       394         24         12          4          0      11830   softserial_rx.o
       644         36          0          0          0      10780   softserial_tx.o
        36          8        404          0          0        276   startup_stm32f401xe.o
        80         16          0          4          0        356   stm32f4xx_hal.o
      1140         38          0          0          0        776   stm32f4xx_hal_adc.o
        36          6          0          0          0        116   stm32f4xx_hal_cortex.o
       516         22          0          0          0        140   stm32f4xx_hal_gpio.o
       258          8          0          0          0        244   stm32f4xx_hal_i2c.o
         2          0          0          0          0        116   stm32f4xx_hal_msp_template.o
      1768         94         16          0          0        652   stm32f4xx_hal_rcc.o
      1098         12          0          0          0        892   stm32f4xx_hal_rtc.o
       258         16          0          0          0        488   stm32f4xx_hal_tim.o
       632         14          0          0          0        376   stm32f4xx_hal_uart.o
        16          6          0          0          0        116   sys.o
       544         74         16          4          0        400   system_stm32f4xx.o
      1004        130          0          0          0       7316   tsl2561_i2c.o

    ----------------------------------------------------------------------
     17448       1376        972         56       1112     531385   Object Totals
         0          0         32          0          0          0   (incl. Generated)
        24          0          4          0          0          0   (incl. Padding)

    ----------------------------------------------------------------------

      Code (inc. data)   RO Data    RW Data    ZI Data      Debug   Library Member Name

        60          8          0          0          0         84   __0sscanf.o
        44          6          0          0          0         84   __2sprintf.o
         8          0          0          0          0         68   __main.o
       392          4         17          0          0         92   __printf_flags_ss_wp.o
        14          0          0          0          0         68   __printf_wp.o
         0          0          0          0          0          0   __rtentry.o
        12          0          0          0          0          0   __rtentry2.o
         6          0          0          0          0          0   __rtentry4.o
        52          8          0          0          0          0   __scatter.o
        26          0          0          0          0          0   __scatter_copy.o
        28          0          0          0          0          0   __scatter_zi.o
        28          0          0          0          0         68   _chval.o
        60          0          0          0          0         92   _mbrtowc.o
         0          0         12          0          0          0   _monlen.o
         6          0          0          0          0          0   _printf_a.o
         6          0          0          0          0          0   _printf_c.o
        44          0          0          0          0        108   _printf_char.o
        48          6          0          0          0         96   _printf_char_common.o
        36          4          0          0          0         80   _printf_char_file.o
        40          0          0          0          0         68   _printf_charcount.o
         6          0          0          0          0          0   _printf_d.o
       120         16          0          0          0         92   _printf_dec.o
         6          0          0          0          0          0   _printf_e.o
         6          0          0          0          0          0   _printf_f.o
      1050          0          0          0          0        216   _printf_fp_dec.o
       764          8         38          0          0        100   _printf_fp_hex.o
       128         16          0          0          0         84   _printf_fp_infnan.o
         6          0          0          0          0          0   _printf_g.o
       148          4         40          0          0        160   _printf_hex_int_ll_ptr.o
         6          0          0          0          0          0   _printf_i.o
       178          0          0          0          0         88   _printf_intcommon.o
        10          0          0          0          0          0   _printf_l.o
         6          0          0          0          0          0   _printf_lc.o
        10          0          0          0          0          0   _printf_ll.o
         6          0          0          0          0          0   _printf_lld.o
         6          0          0          0          0          0   _printf_lli.o
         6          0          0          0          0          0   _printf_llo.o
         6          0          0          0          0          0   _printf_llu.o
         6          0          0          0          0          0   _printf_llx.o
       124         16          0          0          0         92   _printf_longlong_dec.o
         6          0          0          0          0          0   _printf_ls.o
         6          0          0          0          0          0   _printf_n.o
         6          0          0          0          0          0   _printf_o.o
       112          8          0          0          0        124   _printf_oct_int_ll.o
         6          0          0          0          0          0   _printf_p.o
        78          0          0          0          0        108   _printf_pad.o
         0          0          0          0          0          0   _printf_percent.o
         4          0          0          0          0          0   _printf_percent_end.o
         6          0          0          0          0          0   _printf_s.o
        82          0          0          0          0         80   _printf_str.o
        36          0          0          0          0         84   _printf_truncate.o
         6          0          0          0          0          0   _printf_u.o
        44          0          0          0          0        108   _printf_wchar.o
       188          6          8          0          0         92   _printf_wctomb.o
         6          0          0          0          0          0   _printf_x.o
        22          0          0          0          0        100   _rserrno.o
       884          6          0          0          0        100   _scanf.o
       332          0          0          0          0         96   _scanf_int.o
       342          0          0          0          0        100   _scanf_longlong.o
       276          0          0          0          0        100   _scanf_mbtowc.o
       224          0          0          0          0         96   _scanf_str.o
        30          0          0          0          0         76   _scanf_wcharmap.o
       232          0          0          0          0        100   _scanf_wctomb.o
       208          0          0          0          0         96   _scanf_wstr.o
        64          0          0          0          0         84   _sgetc.o
        10          0          0          0          0         68   _sputc.o
        64          0          0          0          0         92   _wcrtomb.o
        22          0          0          0          0         80   abort.o
        46          0          0          0          0         84   aeabi_atexit.o
        72          0          0          0          0         92   backspace.o
       220          4        148          0          0         96   bigflt0.o
      2074        132          0          0          0        940   btod.o
        10          0          0          0          0         68   c89vfprintf.o
        66          0          0          0          0         84   cxa_finalize.o
        48         34          0          0          0         76   defsig_abrt_inner.o
        14          0          0          0          0         80   defsig_abrt_outer.o
        10          0          0          0          0         68   defsig_exit.o
        50          0          0          0          0         88   defsig_general.o
        48         34          0          0          0         76   defsig_pvfn_inner.o
        14          0          0          0          0         80   defsig_pvfn_outer.o
        80         58          0          0          0         76   defsig_rtmem_inner.o
        14          0          0          0          0         80   defsig_rtmem_outer.o
        52         38          0          0          0         76   defsig_rtred_inner.o
        14          0          0          0          0         80   defsig_rtred_outer.o
        76          0          0          0          0         88   fclose.o
         8          0          0          0          0         68   ferror.o
       100          4          0          0          0        120   fflush.o
        24          0          0          0          0         68   fgetc.o
       570          0          0          0          0        132   filbuf.o
       470          0          0          0          0         88   flsbuf.o
        56          6          0          0          0         80   flushlinebuffered.o
       236          4          0          0          0        128   fopen.o
        26          0          0          0          0         68   fputc.o
       248          6          0          0          0         84   fseek.o
        66          0          0          0          0         76   ftell.o
        94          0          0          0          0         80   h1_alloc.o
        52          0          0          0          0         68   h1_extend.o
        78          0          0          0          0         80   h1_free.o
        14          0          0          0          0         84   h1_init.o
        80          6          0          4          0         96   heapauxa.o
         4          0          0          0          0        136   hguard.o
         0          0          0          0          0          0   indicate_semi.o
        36         10          0          0          0         80   init_aeabi.o
       138          0          0          0          0        168   init_alloc.o
       312         46          0          0          0        112   initio.o
        18          0          0          0          0         76   isspace.o
        44         10        272          0          0         76   lc_ctype_c.o
        44         10         28          0          0         76   lc_numeric_c.o
         2          0          0          0          0          0   libinit.o
        50          0          0          0          0          0   libinit2.o
         0          0          0          0          0          0   libshutdown2.o
        38          0          0          0          0         68   llshl.o
       138          0          0          0          0         80   lludiv10.o
        12          6          0          0         44         68   localtime.o
       184          6          0          0          0         80   localtime_internal.o
         0          0          0          0          0          0   maybetermalloc1.o
       424         10          0          0          0        124   mktime.o
        16          4          0          0          0         76   rt_ctype_table.o
         8          4          0          0          4         68   rt_ddtor_pointer_addr.o
         8          4          0          0          4         68   rt_eh_globals_addr.o
         8          4          0          0          4         68   rt_errno_addr.o
         8          4          0          0          4         68   rt_heap_descriptor.o
         8          4          0          0         20         68   rt_locale.o
        78          0          0          0          0         80   rt_memclr_w.o
       100          0          0          0          0         80   rt_memcpy_w.o
         8          4          0          0          4         68   rt_new_handler_addr.o
        44          8          0          0          0         84   scanf_char.o
        24          8          0          0          0         68   scanf_char_file.o
      1188         12          0          0          0        148   scanf_fp.o
       800         14          0          0          0        100   scanf_hexfp.o
       308         16          0          0          0        100   scanf_infnan.o
        20          0          0          0          0         68   setbuf.o
        70          0          0          0          0         80   setvbuf.o
       240          6          0          0          0        156   stdio.o
         0          0          0         12        252          0   stdio_streams.o
       128          0          0          0          0         68   strcmpv7m.o
        62          0          0          0          0         76   strlen.o
       150          0          0          0          0         80   strncmp.o
        12          4          0          0          0         68   sys_exit.o
        14          0          0          0          0         76   sys_wrch.o
        72         12          0          0          0         68   ungetc.o
         2          0          0          0          0         68   use_no_semi.o
        10          0          0          0          0         68   vfprintf.o
        16          0          0          0          0         80   vfscanf.o
        36          0          0          0          0         84   aeabi_vec_ctor_nocookie_nodtor.o
        80         12          0          0          0        104   arm_exceptions_globs.o
        60          0          0          0          0        108   arm_exceptions_mem.o
        26          0          0          0          0         76   arm_exceptions_terminate.o
         4          0          0          0          0         68   arm_newhandler_noexceptions.o
         8          0          0          0          0         76   delete.o
        40          6          0          0          0         76   new.o
         6          0          0          0          0         68   pure_virt.o
        24          0          0          0          0        164   basic.o
        98          4          0          0          0        140   d2f.o
       826         16          0          0          0        492   daddsub_clz.o
        16          4          0          0          0        116   dcheck1.o
        24          0          0          0          0        116   dcmpi.o
       688        140          0          0          0        256   ddiv.o
       120          4          0          0          0        140   deqf.o
        46          0          0          0          0        116   dflt_clz.o
       120          4          0          0          0        140   dleqf.o
       340         12          0          0          0        152   dmul.o
       156          4          0          0          0        140   dnaninf.o
        12          0          0          0          0        116   dretinf.o
       108          0          0          0          0        128   drleqf.o
       408         56          0          0          0        168   dsqrt_umaal.o
        86          4          0          0          0        132   f2d.o
       140          4          0          0          0        132   fnaninf.o
         0          0          8          0          0          0   fpconst.o
        10          0          0          0          0        116   fpinit.o
        10          0          0          0          0        116   fretinf.o
         4          0          0          0          0        116   printf1.o
         4          0          0          0          0        116   printf2.o
       100          0          0          0          0        116   retnan.o
        92          0          0          0          0        116   scalbn.o
         4          0          0          0          0        116   scanf1.o
         8          0          0          0          0        132   scanf2.o
        48          0          0          0          0        116   trapv.o
         0          0          0          0          0          0   usenofp.o
       164         44          0          0          0        620   dunder.o
        24          0          0          0          0        124   fabs.o
        48          0          0          0          0        124   fpclassify.o
       140         22          0          0          0        132   frexp.o
       228          8          0          0          0        308   ldexp.o
       184         18          0          0          0        152   narrow.o
       248          0          0          0          0        152   poly.o
      3152        296        136          0          0        352   pow.o
         0          0          8          0          0          0   qnan.o
       110          0          0          0          0        148   sqrt.o
       152         24         16          4          0        476   FileBase.o
        54         10         60          0          0        252   FileLike.o
       154          0          0          0          0        728   FilePath.o
       200         20          0          4          0        520   I2C.o
       268         44         16          0          0        612   InterruptIn.o
         0          0        480          0          0          0   PeripheralPins.o
        48          4         92          0          0        356   Serial.o
       196         14         16          0          0        844   SerialBase.o
       284         16         68          0          0       1396   Stream.o
       100          0         20          0          0        396   Ticker.o
        96         12         20          0          0        596   TimerEvent.o
       460        128         99          4         68        400   analogin_api.o
        64         52          0          0          0        116   assert.o
        24          4          0          0          0        128   error.o
       224         36          0          0          0        412   gpio.o
       150         30         95          0          0        388   gpio_api.o
       698        120          0         68        532       1348   gpio_irq_api.o
      1280        124         94         12         60        604   i2c_api.o
       404        126        145          0          0        392   pinmap.o
       344        110          0          0          0        508   pinmap_common.o
       448        130          0          0         32        512   rtc_api.o
        60          6          0         16          0        128   rtc_time.o
      1296        218         97          8        580       1256   serial_api.o
       224          0          0          0          0        632   ticker_api.o
       144         46          0          4         60        588   us_ticker.o
        20         10         28          8          0        232   us_ticker_api.o
        52          0          0          0          0        256   wait_api.o

    ----------------------------------------------------------------------
     32220       2590       2084        144       1668      30876   Library Totals
        46          0         23          0          0          0   (incl. Padding)

    ----------------------------------------------------------------------

      Code (inc. data)   RO Data    RW Data    ZI Data      Debug   Library Name

     16680        648        563         16        336      10320   c_w.l
       260         18          0          0          0        660   cpprt_w.l
      3492        252          8          0          0       3708   fz_wm.l
      4298        388        144          0          0       2112   m_wm.l
      7444       1284       1346        128       1332      14076   mbed.ar

    ----------------------------------------------------------------------
     32220       2590       2084        144       1668      30876   Library Totals

    ----------------------------------------------------------------------

==============================================================================


      Code (inc. data)   RO Data    RW Data    ZI Data      Debug   

     49668       3966       3056        200       2780     529817   Grand Totals
     49668       3966       3056        200       2780     529817   ELF Image Totals
     49668       3966       3056        200          0          0   ROM Totals

==============================================================================

    Total RO  Size (Code + RO Data)                52724 (  51.49kB)
    Total RW  Size (RW Data + ZI Data)              2980 (   2.91kB)
    Total ROM Size (Code + RO Data + RW Data)      52924 (  51.68kB)

==============================================================================

