<html>
<body>
<pre>
<h1>µVision Build Log</h1>
<h2>Tool Versions:</h2>
IDE-Version: µVision V5.20.0.0
Copyright (C) 2016 ARM Ltd and ARM Germany GmbH. All rights reserved.
License Information: NA NA NA Flex license: MDK-ARM Professional: 90 user(s) (mdk_pro) Operation stops: 28 Sep 2016
 
Tool Versions:
Toolchain:       MDK-ARM Professional: 90 user(s)  Version: 5.20
Toolchain Path:  C:\Keil_v5\ARM\ARMCC\Bin
C Compiler:      Armcc.exe V5.06 update 2 (build 183)
Assembler:       Armasm.exe V5.06 update 2 (build 183)
Linker/Locator:  ArmLink.exe V5.06 update 2 (build 183)
Library Manager: ArmAr.exe V5.06 update 2 (build 183)
Hex Converter:   FromElf.exe V5.06 update 2 (build 183)
CPU DLL:         SARMCM3.DLL V5.20
Dialog DLL:      DARMCM1.DLL V1.14.0.0
Target DLL:      STLink\ST-LINKIII-KEIL_SWO.dll V2.0.18.0
Dialog DLL:      TARMCM1.DLL V1.10.0.0
 
<h2>Project:</h2>
C:\Users\Frank\Desktop\Food Computer\Keil\FoodComputerARM-alpha\FoodComputerARM-alpha.uvprojx
Project File Date:  07/28/2016

<h2>Output:</h2>
*** Using Compiler 'V5.06 update 2 (build 183)', folder: 'C:\Keil_v5\ARM\ARMCC\Bin'
Rebuild target 'FoodComputerARM-alpha'
compiling DHT.cpp...
DHT/DHT.cpp(178): warning:  #1035-D: single-precision operand implicitly converted to double-precision
DHT/DHT.cpp(184): warning:  #1035-D: single-precision operand implicitly converted to double-precision
DHT/DHT.cpp(186): warning:  #1035-D: single-precision operand implicitly converted to double-precision
DHT/DHT.cpp(187): warning:  #1035-D: single-precision operand implicitly converted to double-precision
DHT/DHT.cpp(191): warning:  #1035-D: single-precision operand implicitly converted to double-precision
DHT/DHT.cpp(192): warning:  #1035-D: single-precision operand implicitly converted to double-precision
DHT/DHT.cpp(192): warning:  #1035-D: single-precision operand implicitly converted to double-precision
DHT/DHT.cpp: 7 warnings, 0 errors
compiling DS1820.cpp...
DS18B20/DS1820/DS1820.cpp(372): warning:  #1035-D: single-precision operand implicitly converted to double-precision
DS18B20/DS1820/DS1820.cpp(377): warning:  #1035-D: single-precision operand implicitly converted to double-precision
DS18B20/DS1820/DS1820.cpp(380): warning:  #1035-D: single-precision operand implicitly converted to double-precision
DS18B20/DS1820/DS1820.cpp(383): warning:  #1035-D: single-precision operand implicitly converted to double-precision
DS18B20/DS1820/DS1820.cpp: 4 warnings, 0 errors
compiling ChangeLog.c...
MODSERIAL/ChangeLog.c(192): warning:  #1-D: last line of file ends without a newline
MODSERIAL/ChangeLog.c: 1 warning, 0 errors
compiling example1.cpp...
compiling example2.cpp...
compiling example3a.cpp...
compiling example3b.cpp...
compiling FLUSH.cpp...
MODSERIAL/Device/MODSERIAL_LPC1768.h(20): warning:  #1-D: last line of file ends without a newline
MODSERIAL/Device/MODSERIAL_LPC11U24.h(20): warning:  #1-D: last line of file ends without a newline
MODSERIAL/Device/MODSERIAL_KL25Z.h(20): warning:  #1-D: last line of file ends without a newline
MODSERIAL/Device/MODSERIAL_KL05Z.h(20): warning:  #1-D: last line of file ends without a newline
MODSERIAL/Device/MODSERIAL_KSDK.h(20): warning:  #1-D: last line of file ends without a newline
MODSERIAL/Device/MODSERIAL_NUCLEO_F401RE.h(20): warning:  #1-D: last line of file ends without a newline
MODSERIAL/FLUSH.cpp: 6 warnings, 0 errors
compiling GETC.cpp...
MODSERIAL/Device/MODSERIAL_LPC1768.h(20): warning:  #1-D: last line of file ends without a newline
MODSERIAL/Device/MODSERIAL_LPC11U24.h(20): warning:  #1-D: last line of file ends without a newline
MODSERIAL/Device/MODSERIAL_KL25Z.h(20): warning:  #1-D: last line of file ends without a newline
MODSERIAL/Device/MODSERIAL_KL05Z.h(20): warning:  #1-D: last line of file ends without a newline
MODSERIAL/Device/MODSERIAL_KSDK.h(20): warning:  #1-D: last line of file ends without a newline
MODSERIAL/Device/MODSERIAL_NUCLEO_F401RE.h(20): warning:  #1-D: last line of file ends without a newline
MODSERIAL/GETC.cpp: 6 warnings, 0 errors
compiling INIT.cpp...
MODSERIAL/Device/MODSERIAL_LPC1768.h(20): warning:  #1-D: last line of file ends without a newline
MODSERIAL/Device/MODSERIAL_LPC11U24.h(20): warning:  #1-D: last line of file ends without a newline
MODSERIAL/Device/MODSERIAL_KL25Z.h(20): warning:  #1-D: last line of file ends without a newline
MODSERIAL/Device/MODSERIAL_KL05Z.h(20): warning:  #1-D: last line of file ends without a newline
MODSERIAL/Device/MODSERIAL_KSDK.h(20): warning:  #1-D: last line of file ends without a newline
MODSERIAL/Device/MODSERIAL_NUCLEO_F401RE.h(20): warning:  #1-D: last line of file ends without a newline
MODSERIAL/INIT.cpp: 6 warnings, 0 errors
compiling ISR_RX.cpp...
MODSERIAL/Device/MODSERIAL_LPC1768.h(20): warning:  #1-D: last line of file ends without a newline
MODSERIAL/Device/MODSERIAL_LPC11U24.h(20): warning:  #1-D: last line of file ends without a newline
MODSERIAL/Device/MODSERIAL_KL25Z.h(20): warning:  #1-D: last line of file ends without a newline
MODSERIAL/Device/MODSERIAL_KL05Z.h(20): warning:  #1-D: last line of file ends without a newline
MODSERIAL/Device/MODSERIAL_KSDK.h(20): warning:  #1-D: last line of file ends without a newline
MODSERIAL/Device/MODSERIAL_NUCLEO_F401RE.h(20): warning:  #1-D: last line of file ends without a newline
MODSERIAL/ISR_RX.cpp: 6 warnings, 0 errors
compiling ISR_TX.cpp...
MODSERIAL/Device/MODSERIAL_LPC1768.h(20): warning:  #1-D: last line of file ends without a newline
MODSERIAL/Device/MODSERIAL_LPC11U24.h(20): warning:  #1-D: last line of file ends without a newline
MODSERIAL/Device/MODSERIAL_KL25Z.h(20): warning:  #1-D: last line of file ends without a newline
MODSERIAL/Device/MODSERIAL_KL05Z.h(20): warning:  #1-D: last line of file ends without a newline
MODSERIAL/Device/MODSERIAL_KSDK.h(20): warning:  #1-D: last line of file ends without a newline
MODSERIAL/Device/MODSERIAL_NUCLEO_F401RE.h(20): warning:  #1-D: last line of file ends without a newline
MODSERIAL/ISR_TX.cpp: 6 warnings, 0 errors
compiling MODSERIAL.cpp...
MODSERIAL/Device/MODSERIAL_LPC1768.h(20): warning:  #1-D: last line of file ends without a newline
MODSERIAL/Device/MODSERIAL_LPC11U24.h(20): warning:  #1-D: last line of file ends without a newline
MODSERIAL/Device/MODSERIAL_KL25Z.h(20): warning:  #1-D: last line of file ends without a newline
MODSERIAL/Device/MODSERIAL_KL05Z.h(20): warning:  #1-D: last line of file ends without a newline
MODSERIAL/Device/MODSERIAL_KSDK.h(20): warning:  #1-D: last line of file ends without a newline
MODSERIAL/Device/MODSERIAL_NUCLEO_F401RE.h(20): warning:  #1-D: last line of file ends without a newline
MODSERIAL/MODSERIAL.cpp: 6 warnings, 0 errors
compiling MODSERIAL_IRQ_INFO.cpp...
compiling PUTC.cpp...
MODSERIAL/Device/MODSERIAL_LPC1768.h(20): warning:  #1-D: last line of file ends without a newline
MODSERIAL/Device/MODSERIAL_LPC11U24.h(20): warning:  #1-D: last line of file ends without a newline
MODSERIAL/Device/MODSERIAL_KL25Z.h(20): warning:  #1-D: last line of file ends without a newline
MODSERIAL/Device/MODSERIAL_KL05Z.h(20): warning:  #1-D: last line of file ends without a newline
MODSERIAL/Device/MODSERIAL_KSDK.h(20): warning:  #1-D: last line of file ends without a newline
MODSERIAL/Device/MODSERIAL_NUCLEO_F401RE.h(20): warning:  #1-D: last line of file ends without a newline
MODSERIAL/PUTC.cpp: 6 warnings, 0 errors
compiling RESIZE.cpp...
MODSERIAL/Device/MODSERIAL_LPC1768.h(20): warning:  #1-D: last line of file ends without a newline
MODSERIAL/Device/MODSERIAL_LPC11U24.h(20): warning:  #1-D: last line of file ends without a newline
MODSERIAL/Device/MODSERIAL_KL25Z.h(20): warning:  #1-D: last line of file ends without a newline
MODSERIAL/Device/MODSERIAL_KL05Z.h(20): warning:  #1-D: last line of file ends without a newline
MODSERIAL/Device/MODSERIAL_KSDK.h(20): warning:  #1-D: last line of file ends without a newline
MODSERIAL/Device/MODSERIAL_NUCLEO_F401RE.h(20): warning:  #1-D: last line of file ends without a newline
MODSERIAL/RESIZE.cpp: 6 warnings, 0 errors
compiling MODSERIAL_KL05Z.cpp...
compiling MODSERIAL_KL25Z.cpp...
compiling MODSERIAL_KSDK.cpp...
MODSERIAL/Device/MODSERIAL_KSDK.cpp(23): warning:  #1-D: last line of file ends without a newline
MODSERIAL/Device/MODSERIAL_KSDK.cpp: 1 warning, 0 errors
compiling MODSERIAL_LPC11U24.cpp...
compiling MODSERIAL_LPC1768.cpp...
compiling MODSERIAL_NUCLEO_F401RE.cpp...
MODSERIAL/Device/MODSERIAL_NUCLEO_F401RE.cpp(20): warning:  #1-D: last line of file ends without a newline
MODSERIAL/Device/MODSERIAL_NUCLEO_F401RE.cpp: 1 warning, 0 errors
compiling MODSERIAL_PAC_F401RB.cpp...
compiling ModbusSlave232.cpp...
millis\millis.h(41): warning:  #1-D: last line of file ends without a newline
ModbusSlave232/ModbusSlave232.cpp(321): warning:  #550-D: variable "recv_crc_hi" was set but never used
ModbusSlave232/ModbusSlave232.cpp(322): warning:  #550-D: variable "recv_crc_lo" was set but never used
ModbusSlave232/ModbusSlave232.cpp(642): warning:  #111-D: statement is unreachable
ModbusSlave232/ModbusSlave232.cpp(649): warning:  #111-D: statement is unreachable
ModbusSlave232/ModbusSlave232.cpp(658): warning:  #1-D: last line of file ends without a newline
ModbusSlave232/ModbusSlave232.cpp(658): warning:  #940-D: missing return statement at end of non-void function "ModbusSlave232::update"
ModbusSlave232/ModbusSlave232.cpp: 7 warnings, 0 errors
compiling SoftSerial.cpp...
SoftSerial/SoftSerial_Ticker.h(38): warning:  #1-D: last line of file ends without a newline
SoftSerial/SoftSerial.cpp: 1 warning, 0 errors
compiling SoftSerial_rx.cpp...
SoftSerial/SoftSerial_Ticker.h(38): warning:  #1-D: last line of file ends without a newline
SoftSerial/SoftSerial_rx.cpp: 1 warning, 0 errors
compiling SoftSerial_tx.cpp...
SoftSerial/SoftSerial_Ticker.h(38): warning:  #1-D: last line of file ends without a newline
SoftSerial/SoftSerial_tx.cpp: 1 warning, 0 errors
compiling main.cpp...
millis\millis.h(41): warning:  #1-D: last line of file ends without a newline
SoftSerial\SoftSerial_Ticker.h(38): warning:  #1-D: last line of file ends without a newline
TSL2561_I2C\TSL2561_I2C.h(231): warning:  #1-D: last line of file ends without a newline
pin_definitions.h(29): warning:  #1-D: last line of file ends without a newline
includes.h(10): warning:  #1-D: last line of file ends without a newline
objects_and_variables.h(28): warning:  #1-D: last line of file ends without a newline
main.cpp(135): warning:  #1-D: last line of file ends without a newline
main.cpp: 7 warnings, 0 errors
compiling TSL2561_I2C.cpp...
TSL2561_I2C/TSL2561_I2C.h(231): warning:  #1-D: last line of file ends without a newline
TSL2561_I2C/TSL2561_I2C.cpp(85): warning:  #1035-D: single-precision operand implicitly converted to double-precision
TSL2561_I2C/TSL2561_I2C.cpp(85): warning:  #1035-D: single-precision operand implicitly converted to double-precision
TSL2561_I2C/TSL2561_I2C.cpp(89): warning:  #1035-D: single-precision operand implicitly converted to double-precision
TSL2561_I2C/TSL2561_I2C.cpp(89): warning:  #1035-D: single-precision operand implicitly converted to double-precision
TSL2561_I2C/TSL2561_I2C.cpp(93): warning:  #1035-D: single-precision operand implicitly converted to double-precision
TSL2561_I2C/TSL2561_I2C.cpp(93): warning:  #1035-D: single-precision operand implicitly converted to double-precision
TSL2561_I2C/TSL2561_I2C.cpp(97): warning:  #1035-D: single-precision operand implicitly converted to double-precision
TSL2561_I2C/TSL2561_I2C.cpp(97): warning:  #1035-D: single-precision operand implicitly converted to double-precision
TSL2561_I2C/TSL2561_I2C.cpp(187): warning:  #1035-D: single-precision operand implicitly converted to double-precision
TSL2561_I2C/TSL2561_I2C.cpp(190): warning:  #1035-D: single-precision operand implicitly converted to double-precision
TSL2561_I2C/TSL2561_I2C.cpp(194): warning:  #1035-D: single-precision operand implicitly converted to double-precision
TSL2561_I2C/TSL2561_I2C.cpp(278): warning:  #1-D: last line of file ends without a newline
TSL2561_I2C/TSL2561_I2C.cpp: 13 warnings, 0 errors
compiling millis.cpp...
millis/millis.h(41): warning:  #1-D: last line of file ends without a newline
millis/millis.cpp: 1 warning, 0 errors
linking...
Program Size: Code=49668 RO-data=3056 RW-data=200 ZI-data=2780  
After Build - User command #1: fromelf --bin --output=FoodComputerARM-alpha.bin .\.build\uvision5\FoodComputerARM-alpha.axf
".\.build\uvision5\FoodComputerARM-alpha.axf" - 0 Error(s), 93 Warning(s).

<h2>Collection of Component include folders:</h2>
  C:\Users\Frank\Desktop\Food Computer\Keil\FoodComputerARM-alpha\RTE
  C:\Keil_v5\ARM\PACK\Keil\STM32F4xx_DFP\2.9.0\Drivers\CMSIS\Device\ST\STM32F4xx\Include

<h2>Collection of Component Files used:</h2>
Build Time Elapsed:  00:00:20
</pre>
</body>
</html>
